<?xml version="1.0" encoding="ISO-8859-1" ?>
<link_info>
   <banner>TI ARM Linker PC v20.2.5.LTS</banner>
   <copyright>Copyright (c) 1996-2018 Texas Instruments Incorporated</copyright>
   <link_time>0x61b02a3a</link_time>
   <link_errors>0x2</link_errors>
   <output_file>gpiointerrupt_CC3220S_LAUNCHXL_nortos_ccs.out</output_file>
   <entry_point>
      <name>resetISR</name>
      <address>0x200111d5</address>
   </entry_point>
   <input_file_list>
      <input_file id="fl-2">
         <path>.\</path>
         <kind>object</kind>
         <file>gpiointerrupt.obj</file>
         <name>gpiointerrupt.obj</name>
      </input_file>
      <input_file id="fl-3">
         <path>.\syscfg\</path>
         <kind>object</kind>
         <file>ti_drivers_config.obj</file>
         <name>ti_drivers_config.obj</name>
      </input_file>
      <input_file id="fl-4">
         <path>.\</path>
         <kind>object</kind>
         <file>main_nortos.obj</file>
         <name>main_nortos.obj</name>
      </input_file>
      <input_file id="fl-d">
         <kind>object</kind>
         <file>&lt;internal&gt;</file>
         <name>&lt;internal&gt;</name>
      </input_file>
      <input_file id="fl-e">
         <path>C:\ti\simplelink_cc32xx_sdk_5_30_00_08\source\ti\drivers\lib\ccs\m4\</path>
         <kind>archive</kind>
         <file>drivers_cc32xx.a</file>
         <name>GPIO.oem4</name>
      </input_file>
      <input_file id="fl-f">
         <path>C:\ti\simplelink_cc32xx_sdk_5_30_00_08\source\ti\drivers\lib\ccs\m4\</path>
         <kind>archive</kind>
         <file>drivers_cc32xx.a</file>
         <name>I2C.oem4</name>
      </input_file>
      <input_file id="fl-10">
         <path>C:\ti\simplelink_cc32xx_sdk_5_30_00_08\source\ti\drivers\lib\ccs\m4\</path>
         <kind>archive</kind>
         <file>drivers_cc32xx.a</file>
         <name>UART.oem4</name>
      </input_file>
      <input_file id="fl-11">
         <path>C:\ti\simplelink_cc32xx_sdk_5_30_00_08\source\ti\drivers\lib\ccs\m4\</path>
         <kind>archive</kind>
         <file>drivers_cc32xx.a</file>
         <name>GPIOCC32XX.oem4</name>
      </input_file>
      <input_file id="fl-12">
         <path>C:\ti\simplelink_cc32xx_sdk_5_30_00_08\source\ti\drivers\lib\ccs\m4\</path>
         <kind>archive</kind>
         <file>drivers_cc32xx.a</file>
         <name>I2CCC32XX.oem4</name>
      </input_file>
      <input_file id="fl-13">
         <path>C:\ti\simplelink_cc32xx_sdk_5_30_00_08\source\ti\drivers\lib\ccs\m4\</path>
         <kind>archive</kind>
         <file>drivers_cc32xx.a</file>
         <name>PowerCC32XX.oem4</name>
      </input_file>
      <input_file id="fl-14">
         <path>C:\ti\simplelink_cc32xx_sdk_5_30_00_08\source\ti\drivers\lib\ccs\m4\</path>
         <kind>archive</kind>
         <file>drivers_cc32xx.a</file>
         <name>PowerCC32XX_asm.oem4</name>
      </input_file>
      <input_file id="fl-15">
         <path>C:\ti\simplelink_cc32xx_sdk_5_30_00_08\source\ti\drivers\lib\ccs\m4\</path>
         <kind>archive</kind>
         <file>drivers_cc32xx.a</file>
         <name>UARTCC32XX.oem4</name>
      </input_file>
      <input_file id="fl-16">
         <path>C:\ti\simplelink_cc32xx_sdk_5_30_00_08\source\ti\drivers\lib\ccs\m4\</path>
         <kind>archive</kind>
         <file>drivers_cc32xx.a</file>
         <name>List.oem4</name>
      </input_file>
      <input_file id="fl-17">
         <path>C:\ti\simplelink_cc32xx_sdk_5_30_00_08\source\ti\drivers\lib\ccs\m4\</path>
         <kind>archive</kind>
         <file>drivers_cc32xx.a</file>
         <name>RingBuf.oem4</name>
      </input_file>
      <input_file id="fl-18">
         <path>C:\ti\simplelink_cc32xx_sdk_5_30_00_08\kernel\nortos\lib\ccs\m4\</path>
         <kind>archive</kind>
         <file>nortos_cc32xx.a</file>
         <name>NoRTOS.oem4</name>
      </input_file>
      <input_file id="fl-19">
         <path>C:\ti\simplelink_cc32xx_sdk_5_30_00_08\kernel\nortos\lib\ccs\m4\</path>
         <kind>archive</kind>
         <file>nortos_cc32xx.a</file>
         <name>SemaphoreP_nortos.oem4</name>
      </input_file>
      <input_file id="fl-1a">
         <path>C:\ti\simplelink_cc32xx_sdk_5_30_00_08\kernel\nortos\lib\ccs\m4\</path>
         <kind>archive</kind>
         <file>nortos_cc32xx.a</file>
         <name>ClockPSysTick_nortos.oem4</name>
      </input_file>
      <input_file id="fl-1b">
         <path>C:\ti\simplelink_cc32xx_sdk_5_30_00_08\kernel\nortos\lib\ccs\m4\</path>
         <kind>archive</kind>
         <file>nortos_cc32xx.a</file>
         <name>HwiPCC32XX_nortos.oem4</name>
      </input_file>
      <input_file id="fl-1c">
         <path>C:\ti\simplelink_cc32xx_sdk_5_30_00_08\kernel\nortos\lib\ccs\m4\</path>
         <kind>archive</kind>
         <file>nortos_cc32xx.a</file>
         <name>PowerCC32XX_nortos.oem4</name>
      </input_file>
      <input_file id="fl-1d">
         <path>C:\ti\simplelink_cc32xx_sdk_5_30_00_08\kernel\nortos\lib\ccs\m4\</path>
         <kind>archive</kind>
         <file>nortos_cc32xx.a</file>
         <name>startup_cc32xx_ccs.oem4</name>
      </input_file>
      <input_file id="fl-1e">
         <path>C:\ti\simplelink_cc32xx_sdk_5_30_00_08\kernel\nortos\lib\ccs\m4\</path>
         <kind>archive</kind>
         <file>nortos_cc32xx.a</file>
         <name>SwiP_nortos.oem4</name>
      </input_file>
      <input_file id="fl-1f">
         <path>C:\ti\simplelink_cc32xx_sdk_5_30_00_08\kernel\nortos\lib\ccs\m4\</path>
         <kind>archive</kind>
         <file>nortos_cc32xx.a</file>
         <name>QueueP_nortos.oem4</name>
      </input_file>
      <input_file id="fl-20">
         <path>C:\ti\simplelink_cc32xx_sdk_5_30_00_08\source\ti\devices\cc32xx\driverlib\ccs\Release\</path>
         <kind>archive</kind>
         <file>driverlib.a</file>
         <name>cpu.obj</name>
      </input_file>
      <input_file id="fl-21">
         <path>C:\ti\simplelink_cc32xx_sdk_5_30_00_08\source\ti\devices\cc32xx\driverlib\ccs\Release\</path>
         <kind>archive</kind>
         <file>driverlib.a</file>
         <name>i2c.obj</name>
      </input_file>
      <input_file id="fl-22">
         <path>C:\ti\simplelink_cc32xx_sdk_5_30_00_08\source\ti\devices\cc32xx\driverlib\ccs\Release\</path>
         <kind>archive</kind>
         <file>driverlib.a</file>
         <name>interrupt.obj</name>
      </input_file>
      <input_file id="fl-23">
         <path>C:\ti\simplelink_cc32xx_sdk_5_30_00_08\source\ti\devices\cc32xx\driverlib\ccs\Release\</path>
         <kind>archive</kind>
         <file>driverlib.a</file>
         <name>pin.obj</name>
      </input_file>
      <input_file id="fl-24">
         <path>C:\ti\simplelink_cc32xx_sdk_5_30_00_08\source\ti\devices\cc32xx\driverlib\ccs\Release\</path>
         <kind>archive</kind>
         <file>driverlib.a</file>
         <name>prcm.obj</name>
      </input_file>
      <input_file id="fl-25">
         <path>C:\ti\simplelink_cc32xx_sdk_5_30_00_08\source\ti\devices\cc32xx\driverlib\ccs\Release\</path>
         <kind>archive</kind>
         <file>driverlib.a</file>
         <name>uart.obj</name>
      </input_file>
      <input_file id="fl-26">
         <path>C:\ti\simplelink_cc32xx_sdk_5_30_00_08\source\ti\devices\cc32xx\driverlib\ccs\Release\</path>
         <kind>archive</kind>
         <file>driverlib.a</file>
         <name>utils.obj</name>
      </input_file>
      <input_file id="fl-27">
         <path>C:\ti\simplelink_cc32xx_sdk_5_30_00_08\source\ti\devices\cc32xx\driverlib\ccs\Release\</path>
         <kind>archive</kind>
         <file>driverlib.a</file>
         <name>flash.obj</name>
      </input_file>
      <input_file id="fl-dd">
         <path>C:\ti\ccs1040\ccs\tools\compiler\ti-cgt-arm_20.2.5.LTS\lib\</path>
         <kind>archive</kind>
         <file>rtsv7M4_T_le_eabi.lib</file>
         <name>snprintf.c.obj</name>
      </input_file>
      <input_file id="fl-de">
         <path>C:\ti\ccs1040\ccs\tools\compiler\ti-cgt-arm_20.2.5.LTS\lib\</path>
         <kind>archive</kind>
         <file>rtsv7M4_T_le_eabi.lib</file>
         <name>fs_mul_t2.asm.obj</name>
      </input_file>
      <input_file id="fl-df">
         <path>C:\ti\ccs1040\ccs\tools\compiler\ti-cgt-arm_20.2.5.LTS\lib\</path>
         <kind>archive</kind>
         <file>rtsv7M4_T_le_eabi.lib</file>
         <name>fs_toi_t2.asm.obj</name>
      </input_file>
      <input_file id="fl-e0">
         <path>C:\ti\ccs1040\ccs\tools\compiler\ti-cgt-arm_20.2.5.LTS\lib\</path>
         <kind>archive</kind>
         <file>rtsv7M4_T_le_eabi.lib</file>
         <name>i_tofs_t2.asm.obj</name>
      </input_file>
      <input_file id="fl-e1">
         <path>C:\ti\ccs1040\ccs\tools\compiler\ti-cgt-arm_20.2.5.LTS\lib\</path>
         <kind>archive</kind>
         <file>rtsv7M4_T_le_eabi.lib</file>
         <name>ll_mul_t2.asm.obj</name>
      </input_file>
      <input_file id="fl-e2">
         <path>C:\ti\ccs1040\ccs\tools\compiler\ti-cgt-arm_20.2.5.LTS\lib\</path>
         <kind>archive</kind>
         <file>rtsv7M4_T_le_eabi.lib</file>
         <name>memcpy_t2.asm.obj</name>
      </input_file>
      <input_file id="fl-e3">
         <path>C:\ti\ccs1040\ccs\tools\compiler\ti-cgt-arm_20.2.5.LTS\lib\</path>
         <kind>archive</kind>
         <file>rtsv7M4_T_le_eabi.lib</file>
         <name>ull_div_t2.asm.obj</name>
      </input_file>
      <input_file id="fl-e4">
         <path>C:\ti\ccs1040\ccs\tools\compiler\ti-cgt-arm_20.2.5.LTS\lib\</path>
         <kind>archive</kind>
         <file>rtsv7M4_T_le_eabi.lib</file>
         <name>copy_zero_init.c.obj</name>
      </input_file>
      <input_file id="fl-e5">
         <path>C:\ti\ccs1040\ccs\tools\compiler\ti-cgt-arm_20.2.5.LTS\lib\</path>
         <kind>archive</kind>
         <file>rtsv7M4_T_le_eabi.lib</file>
         <name>copy_decompress_none.c.obj</name>
      </input_file>
      <input_file id="fl-e6">
         <path>C:\ti\ccs1040\ccs\tools\compiler\ti-cgt-arm_20.2.5.LTS\lib\</path>
         <kind>archive</kind>
         <file>rtsv7M4_T_le_eabi.lib</file>
         <name>copy_decompress_lzss.c.obj</name>
      </input_file>
      <input_file id="fl-e7">
         <path>C:\ti\ccs1040\ccs\tools\compiler\ti-cgt-arm_20.2.5.LTS\lib\</path>
         <kind>archive</kind>
         <file>rtsv7M4_T_le_eabi.lib</file>
         <name>memory.c.obj</name>
      </input_file>
      <input_file id="fl-e8">
         <path>C:\ti\ccs1040\ccs\tools\compiler\ti-cgt-arm_20.2.5.LTS\lib\</path>
         <kind>archive</kind>
         <file>rtsv7M4_T_le_eabi.lib</file>
         <name>boot_cortex_m.c.obj</name>
      </input_file>
      <input_file id="fl-e9">
         <path>C:\ti\ccs1040\ccs\tools\compiler\ti-cgt-arm_20.2.5.LTS\lib\</path>
         <kind>archive</kind>
         <file>rtsv7M4_T_le_eabi.lib</file>
         <name>_printfi.c.obj</name>
      </input_file>
      <input_file id="fl-ea">
         <path>C:\ti\ccs1040\ccs\tools\compiler\ti-cgt-arm_20.2.5.LTS\lib\</path>
         <kind>archive</kind>
         <file>rtsv7M4_T_le_eabi.lib</file>
         <name>s_frexp.c.obj</name>
      </input_file>
      <input_file id="fl-eb">
         <path>C:\ti\ccs1040\ccs\tools\compiler\ti-cgt-arm_20.2.5.LTS\lib\</path>
         <kind>archive</kind>
         <file>rtsv7M4_T_le_eabi.lib</file>
         <name>s_scalbn.c.obj</name>
      </input_file>
      <input_file id="fl-ec">
         <path>C:\ti\ccs1040\ccs\tools\compiler\ti-cgt-arm_20.2.5.LTS\lib\</path>
         <kind>archive</kind>
         <file>rtsv7M4_T_le_eabi.lib</file>
         <name>wcslen.c.obj</name>
      </input_file>
      <input_file id="fl-ed">
         <path>C:\ti\ccs1040\ccs\tools\compiler\ti-cgt-arm_20.2.5.LTS\lib\</path>
         <kind>archive</kind>
         <file>rtsv7M4_T_le_eabi.lib</file>
         <name>div0.asm.obj</name>
      </input_file>
      <input_file id="fl-ee">
         <path>C:\ti\ccs1040\ccs\tools\compiler\ti-cgt-arm_20.2.5.LTS\lib\</path>
         <kind>archive</kind>
         <file>rtsv7M4_T_le_eabi.lib</file>
         <name>fd_add_t2.asm.obj</name>
      </input_file>
      <input_file id="fl-ef">
         <path>C:\ti\ccs1040\ccs\tools\compiler\ti-cgt-arm_20.2.5.LTS\lib\</path>
         <kind>archive</kind>
         <file>rtsv7M4_T_le_eabi.lib</file>
         <name>fd_cmp_t2.asm.obj</name>
      </input_file>
      <input_file id="fl-f0">
         <path>C:\ti\ccs1040\ccs\tools\compiler\ti-cgt-arm_20.2.5.LTS\lib\</path>
         <kind>archive</kind>
         <file>rtsv7M4_T_le_eabi.lib</file>
         <name>fd_div_t2.asm.obj</name>
      </input_file>
      <input_file id="fl-f1">
         <path>C:\ti\ccs1040\ccs\tools\compiler\ti-cgt-arm_20.2.5.LTS\lib\</path>
         <kind>archive</kind>
         <file>rtsv7M4_T_le_eabi.lib</file>
         <name>fd_mul_t2.asm.obj</name>
      </input_file>
      <input_file id="fl-f2">
         <path>C:\ti\ccs1040\ccs\tools\compiler\ti-cgt-arm_20.2.5.LTS\lib\</path>
         <kind>archive</kind>
         <file>rtsv7M4_T_le_eabi.lib</file>
         <name>fd_toi_t2.asm.obj</name>
      </input_file>
      <input_file id="fl-f3">
         <path>C:\ti\ccs1040\ccs\tools\compiler\ti-cgt-arm_20.2.5.LTS\lib\</path>
         <kind>archive</kind>
         <file>rtsv7M4_T_le_eabi.lib</file>
         <name>i_tofd_t2.asm.obj</name>
      </input_file>
      <input_file id="fl-f4">
         <path>C:\ti\ccs1040\ccs\tools\compiler\ti-cgt-arm_20.2.5.LTS\lib\</path>
         <kind>archive</kind>
         <file>rtsv7M4_T_le_eabi.lib</file>
         <name>memset_t2.asm.obj</name>
      </input_file>
      <input_file id="fl-f5">
         <path>C:\ti\ccs1040\ccs\tools\compiler\ti-cgt-arm_20.2.5.LTS\lib\</path>
         <kind>archive</kind>
         <file>rtsv7M4_T_le_eabi.lib</file>
         <name>autoinit.c.obj</name>
      </input_file>
      <input_file id="fl-f6">
         <path>C:\ti\ccs1040\ccs\tools\compiler\ti-cgt-arm_20.2.5.LTS\lib\</path>
         <kind>archive</kind>
         <file>rtsv7M4_T_le_eabi.lib</file>
         <name>pre_init.c.obj</name>
      </input_file>
      <input_file id="fl-f7">
         <path>C:\ti\ccs1040\ccs\tools\compiler\ti-cgt-arm_20.2.5.LTS\lib\</path>
         <kind>archive</kind>
         <file>rtsv7M4_T_le_eabi.lib</file>
         <name>cpy_tbl.c.obj</name>
      </input_file>
      <input_file id="fl-f8">
         <path>C:\ti\ccs1040\ccs\tools\compiler\ti-cgt-arm_20.2.5.LTS\lib\</path>
         <kind>archive</kind>
         <file>rtsv7M4_T_le_eabi.lib</file>
         <name>exit.c.obj</name>
      </input_file>
      <input_file id="fl-f9">
         <path>C:\ti\ccs1040\ccs\tools\compiler\ti-cgt-arm_20.2.5.LTS\lib\</path>
         <kind>archive</kind>
         <file>rtsv7M4_T_le_eabi.lib</file>
         <name>_lock.c.obj</name>
      </input_file>
      <input_file id="fl-fa">
         <path>C:\ti\ccs1040\ccs\tools\compiler\ti-cgt-arm_20.2.5.LTS\lib\</path>
         <kind>archive</kind>
         <file>rtsv7M4_T_le_eabi.lib</file>
         <name>_ltoa.c.obj</name>
      </input_file>
      <input_file id="fl-fb">
         <path>C:\ti\ccs1040\ccs\tools\compiler\ti-cgt-arm_20.2.5.LTS\lib\</path>
         <kind>archive</kind>
         <file>rtsv7M4_T_le_eabi.lib</file>
         <name>args_main.c.obj</name>
      </input_file>
      <input_file id="fl-fc">
         <path>C:\ti\ccs1040\ccs\tools\compiler\ti-cgt-arm_20.2.5.LTS\lib\</path>
         <kind>archive</kind>
         <file>rtsv7M4_T_le_eabi.lib</file>
         <name>atoi.c.obj</name>
      </input_file>
      <input_file id="fl-fd">
         <path>C:\ti\ccs1040\ccs\tools\compiler\ti-cgt-arm_20.2.5.LTS\lib\</path>
         <kind>archive</kind>
         <file>rtsv7M4_T_le_eabi.lib</file>
         <name>ctype.c.obj</name>
      </input_file>
      <input_file id="fl-fe">
         <path>C:\ti\ccs1040\ccs\tools\compiler\ti-cgt-arm_20.2.5.LTS\lib\</path>
         <kind>archive</kind>
         <file>rtsv7M4_T_le_eabi.lib</file>
         <name>memccpy.c.obj</name>
      </input_file>
      <input_file id="fl-ff">
         <path>C:\ti\ccs1040\ccs\tools\compiler\ti-cgt-arm_20.2.5.LTS\lib\</path>
         <kind>archive</kind>
         <file>rtsv7M4_T_le_eabi.lib</file>
         <name>strchr.c.obj</name>
      </input_file>
      <input_file id="fl-100">
         <path>C:\ti\ccs1040\ccs\tools\compiler\ti-cgt-arm_20.2.5.LTS\lib\</path>
         <kind>archive</kind>
         <file>rtsv7M4_T_le_eabi.lib</file>
         <name>strlen.c.obj</name>
      </input_file>
      <input_file id="fl-101">
         <path>C:\ti\ccs1040\ccs\tools\compiler\ti-cgt-arm_20.2.5.LTS\lib\</path>
         <kind>archive</kind>
         <file>rtsv7M4_T_le_eabi.lib</file>
         <name>errno.c.obj</name>
      </input_file>
      <input_file id="fl-102">
         <path>C:\ti\ccs1040\ccs\tools\compiler\ti-cgt-arm_20.2.5.LTS\lib\</path>
         <kind>archive</kind>
         <file>rtsv7M4_T_le_eabi.lib</file>
         <name>s_copysign.c.obj</name>
      </input_file>
   </input_file_list>
   <object_component_list>
      <object_component id="oc-22b">
         <name>.text:__TI_printfi</name>
         <load_address>0x2000c040</load_address>
         <run_address>0x2000c040</run_address>
         <size>0xa4e</size>
         <input_file_ref idref="fl-e9"/>
      </object_component>
      <object_component id="oc-207">
         <name>.text:I2C_init</name>
         <load_address>0x2000ca8e</load_address>
         <run_address>0x2000ca8e</run_address>
         <size>0x2</size>
         <input_file_ref idref="fl-f"/>
      </object_component>
      <object_component id="oc-866">
         <name>.text:PRCMCC3200MCUInit</name>
         <load_address>0x2000ca90</load_address>
         <run_address>0x2000ca90</run_address>
         <size>0x42c</size>
         <input_file_ref idref="fl-24"/>
      </object_component>
      <object_component id="oc-4ff">
         <name>.text:UARTCC32XX_open</name>
         <load_address>0x2000cebc</load_address>
         <run_address>0x2000cebc</run_address>
         <size>0x288</size>
         <input_file_ref idref="fl-15"/>
      </object_component>
      <object_component id="oc-33f">
         <name>.text:_pconv_a</name>
         <load_address>0x2000d144</load_address>
         <run_address>0x2000d144</run_address>
         <size>0x268</size>
         <input_file_ref idref="fl-e9"/>
      </object_component>
      <object_component id="oc-32d">
         <name>.text:_pconv_g</name>
         <load_address>0x2000d3ac</load_address>
         <run_address>0x2000d3ac</run_address>
         <size>0x1cc</size>
         <input_file_ref idref="fl-e9"/>
      </object_component>
      <object_component id="oc-160">
         <name>.text:initI2C</name>
         <load_address>0x2000d578</load_address>
         <run_address>0x2000d578</run_address>
         <size>0x1cc</size>
         <input_file_ref idref="fl-2"/>
      </object_component>
      <object_component id="oc-485">
         <name>.text</name>
         <load_address>0x2000d744</load_address>
         <run_address>0x2000d744</run_address>
         <size>0x1b6</size>
         <input_file_ref idref="fl-ee"/>
      </object_component>
      <object_component id="oc-79d">
         <name>.text:PowerCC32XX_initPolicy</name>
         <load_address>0x2000d8fa</load_address>
         <run_address>0x2000d8fa</run_address>
         <size>0x2</size>
         <input_file_ref idref="fl-1c"/>
      </object_component>
      <object_component id="oc-7a3">
         <name>.text:PowerCC32XX_sleepPolicy</name>
         <load_address>0x2000d8fc</load_address>
         <run_address>0x2000d8fc</run_address>
         <size>0x19c</size>
         <input_file_ref idref="fl-1c"/>
      </object_component>
      <object_component id="oc-2f6">
         <name>.text:I2CCC32XX_hwiFxn</name>
         <load_address>0x2000da98</load_address>
         <run_address>0x2000da98</run_address>
         <size>0x148</size>
         <input_file_ref idref="fl-12"/>
      </object_component>
      <object_component id="oc-849">
         <name>.text:parkPins</name>
         <load_address>0x2000dbe0</load_address>
         <run_address>0x2000dbe0</run_address>
         <size>0x148</size>
         <input_file_ref idref="fl-13"/>
      </object_component>
      <object_component id="oc-339">
         <name>.text:_pconv_e</name>
         <load_address>0x2000dd28</load_address>
         <run_address>0x2000dd28</run_address>
         <size>0x13c</size>
         <input_file_ref idref="fl-e9"/>
      </object_component>
      <object_component id="oc-80b">
         <name>.text:Power_sleep</name>
         <load_address>0x2000de64</load_address>
         <run_address>0x2000de64</run_address>
         <size>0x138</size>
         <input_file_ref idref="fl-13"/>
      </object_component>
      <object_component id="oc-46b">
         <name>.text</name>
         <load_address>0x2000df9c</load_address>
         <run_address>0x2000df9c</run_address>
         <size>0x136</size>
         <input_file_ref idref="fl-f0"/>
      </object_component>
      <object_component id="oc-304">
         <name>.text:I2C_transferTimeout</name>
         <load_address>0x2000e0d2</load_address>
         <run_address>0x2000e0d2</run_address>
         <size>0x122</size>
         <input_file_ref idref="fl-f"/>
      </object_component>
      <object_component id="oc-4ed">
         <name>.text:UARTCC32XX_close</name>
         <load_address>0x2000e1f4</load_address>
         <run_address>0x2000e1f4</run_address>
         <size>0x120</size>
         <input_file_ref idref="fl-15"/>
      </object_component>
      <object_component id="oc-497">
         <name>.text:fcvt</name>
         <load_address>0x2000e314</load_address>
         <run_address>0x2000e314</run_address>
         <size>0x120</size>
         <input_file_ref idref="fl-e9"/>
      </object_component>
      <object_component id="oc-7b3">
         <name>.text:aligned_alloc</name>
         <load_address>0x2000e434</load_address>
         <run_address>0x2000e434</run_address>
         <size>0x100</size>
         <input_file_ref idref="fl-e7"/>
      </object_component>
      <object_component id="oc-213">
         <name>.text:I2C_open</name>
         <load_address>0x2000e534</load_address>
         <run_address>0x2000e534</run_address>
         <size>0xfc</size>
         <input_file_ref idref="fl-12"/>
      </object_component>
      <object_component id="oc-466">
         <name>.text</name>
         <load_address>0x2000e630</load_address>
         <run_address>0x2000e630</run_address>
         <size>0xfc</size>
         <input_file_ref idref="fl-f1"/>
      </object_component>
      <object_component id="oc-4f3">
         <name>.text:UARTCC32XX_control</name>
         <load_address>0x2000e72c</load_address>
         <run_address>0x2000e72c</run_address>
         <size>0xf2</size>
         <input_file_ref idref="fl-15"/>
      </object_component>
      <object_component id="oc-4f9">
         <name>.text:UARTCC32XX_init</name>
         <load_address>0x2000e81e</load_address>
         <run_address>0x2000e81e</run_address>
         <size>0x2</size>
         <input_file_ref idref="fl-15"/>
      </object_component>
      <object_component id="oc-711">
         <name>.text:free</name>
         <load_address>0x2000e820</load_address>
         <run_address>0x2000e820</run_address>
         <size>0xe4</size>
         <input_file_ref idref="fl-e7"/>
      </object_component>
      <object_component id="oc-4ab">
         <name>.text:scalbn</name>
         <load_address>0x2000e904</load_address>
         <run_address>0x2000e904</run_address>
         <size>0xd0</size>
         <input_file_ref idref="fl-eb"/>
      </object_component>
      <object_component id="oc-517">
         <name>.text:UARTCC32XX_write</name>
         <load_address>0x2000e9d4</load_address>
         <run_address>0x2000e9d4</run_address>
         <size>0xca</size>
         <input_file_ref idref="fl-15"/>
      </object_component>
      <object_component id="oc-36b">
         <name>.text:_nop</name>
         <load_address>0x2000ea9e</load_address>
         <run_address>0x2000ea9e</run_address>
         <size>0x2</size>
         <input_file_ref idref="fl-f9"/>
      </object_component>
      <object_component id="oc-86c">
         <name>.text:restoreParkedPins</name>
         <load_address>0x2000eaa0</load_address>
         <run_address>0x2000eaa0</run_address>
         <size>0xc0</size>
         <input_file_ref idref="fl-13"/>
      </object_component>
      <object_component id="oc-50b">
         <name>.text:UARTCC32XX_readPolling</name>
         <load_address>0x2000eb60</load_address>
         <run_address>0x2000eb60</run_address>
         <size>0xba</size>
         <input_file_ref idref="fl-15"/>
      </object_component>
      <object_component id="oc-73">
         <name>.text:busFaultHandler</name>
         <load_address>0x2000ec1a</load_address>
         <run_address>0x2000ec1a</run_address>
         <size>0x2</size>
         <input_file_ref idref="fl-1d"/>
      </object_component>
      <object_component id="oc-683">
         <name>.text:initHw</name>
         <load_address>0x2000ec1c</load_address>
         <run_address>0x2000ec1c</run_address>
         <size>0xb8</size>
         <input_file_ref idref="fl-15"/>
      </object_component>
      <object_component id="oc-763">
         <name>.text:readTaskCallback</name>
         <load_address>0x2000ecd4</load_address>
         <run_address>0x2000ecd4</run_address>
         <size>0xb6</size>
         <input_file_ref idref="fl-15"/>
      </object_component>
      <object_component id="oc-408">
         <name>.text:I2CCC32XX_completeTransfer</name>
         <load_address>0x2000ed8a</load_address>
         <run_address>0x2000ed8a</run_address>
         <size>0xb2</size>
         <input_file_ref idref="fl-12"/>
      </object_component>
      <object_component id="oc-322">
         <name>.text:_ltostr</name>
         <load_address>0x2000ee3c</load_address>
         <run_address>0x2000ee3c</run_address>
         <size>0xb1</size>
         <input_file_ref idref="fl-e9"/>
      </object_component>
      <object_component id="oc-751">
         <name>.text:readTaskBlocking</name>
         <load_address>0x2000eeee</load_address>
         <run_address>0x2000eeee</run_address>
         <size>0xb0</size>
         <input_file_ref idref="fl-15"/>
      </object_component>
      <object_component id="oc-757">
         <name>.text:readIsrTextBlocking</name>
         <load_address>0x2000ef9e</load_address>
         <run_address>0x2000ef9e</run_address>
         <size>0xae</size>
         <input_file_ref idref="fl-15"/>
      </object_component>
      <object_component id="oc-3f6">
         <name>.text:I2CCC32XX_primeWriteBurst</name>
         <load_address>0x2000f04c</load_address>
         <run_address>0x2000f04c</run_address>
         <size>0xa8</size>
         <input_file_ref idref="fl-12"/>
      </object_component>
      <object_component id="oc-b5">
         <name>.text:IntEnable</name>
         <load_address>0x2000f0f4</load_address>
         <run_address>0x2000f0f4</run_address>
         <size>0xa8</size>
         <input_file_ref idref="fl-22"/>
      </object_component>
      <object_component id="oc-11f">
         <name>.text:main</name>
         <load_address>0x2000f19c</load_address>
         <run_address>0x2000f19c</run_address>
         <size>0xa8</size>
         <input_file_ref idref="fl-2"/>
      </object_component>
      <object_component id="oc-769">
         <name>.text:readIsrTextCallback</name>
         <load_address>0x2000f244</load_address>
         <run_address>0x2000f244</run_address>
         <size>0xa2</size>
         <input_file_ref idref="fl-15"/>
      </object_component>
      <object_component id="oc-6ba">
         <name>.text:writeData</name>
         <load_address>0x2000f2e6</load_address>
         <run_address>0x2000f2e6</run_address>
         <size>0xa2</size>
         <input_file_ref idref="fl-15"/>
      </object_component>
      <object_component id="oc-41d">
         <name>.text:SemaphoreP_pend</name>
         <load_address>0x2000f388</load_address>
         <run_address>0x2000f388</run_address>
         <size>0xa0</size>
         <input_file_ref idref="fl-19"/>
      </object_component>
      <object_component id="oc-2e4">
         <name>.text:I2CCC32XX_initHw</name>
         <load_address>0x2000f428</load_address>
         <run_address>0x2000f428</run_address>
         <size>0x9c</size>
         <input_file_ref idref="fl-12"/>
      </object_component>
      <object_component id="oc-3b">
         <name>.text</name>
         <load_address>0x2000f4c4</load_address>
         <run_address>0x2000f4c4</run_address>
         <size>0x9c</size>
         <input_file_ref idref="fl-e2"/>
      </object_component>
      <object_component id="oc-45f">
         <name>.text</name>
         <load_address>0x2000f560</load_address>
         <run_address>0x2000f560</run_address>
         <size>0x96</size>
         <input_file_ref idref="fl-e3"/>
      </object_component>
      <object_component id="oc-5b1">
         <name>.text:clkFxn</name>
         <load_address>0x2000f5f6</load_address>
         <run_address>0x2000f5f6</run_address>
         <size>0x2</size>
         <input_file_ref idref="fl-19"/>
      </object_component>
      <object_component id="oc-85a">
         <name>.text:restoreNVICRegs</name>
         <load_address>0x2000f5f8</load_address>
         <run_address>0x2000f5f8</run_address>
         <size>0x90</size>
         <input_file_ref idref="fl-13"/>
      </object_component>
      <object_component id="oc-2d8">
         <name>.text:HwiP_construct</name>
         <load_address>0x2000f688</load_address>
         <run_address>0x2000f688</run_address>
         <size>0x8c</size>
         <input_file_ref idref="fl-1b"/>
      </object_component>
      <object_component id="oc-8f7">
         <name>.text:IntPendSet</name>
         <load_address>0x2000f714</load_address>
         <run_address>0x2000f714</run_address>
         <size>0x88</size>
         <input_file_ref idref="fl-22"/>
      </object_component>
      <object_component id="oc-901">
         <name>.text:PinConfigSet</name>
         <load_address>0x2000f79c</load_address>
         <run_address>0x2000f79c</run_address>
         <size>0x88</size>
         <input_file_ref idref="fl-23"/>
      </object_component>
      <object_component id="oc-328">
         <name>.text:__aeabi_cdcmple</name>
         <load_address>0x2000f824</load_address>
         <run_address>0x2000f824</run_address>
         <size>0x86</size>
         <input_file_ref idref="fl-ef"/>
      </object_component>
      <object_component id="oc-470">
         <name>.text:__aeabi_cdrcmple</name>
         <load_address>0x2000f8aa</load_address>
         <run_address>0x2000f8aa</run_address>
         <size>0x86</size>
         <input_file_ref idref="fl-ef"/>
      </object_component>
      <object_component id="oc-84f">
         <name>.text:saveNVICRegs</name>
         <load_address>0x2000f930</load_address>
         <run_address>0x2000f930</run_address>
         <size>0x84</size>
         <input_file_ref idref="fl-13"/>
      </object_component>
      <object_component id="oc-2c0">
         <name>.text:Power_setDependency</name>
         <load_address>0x2000f9b4</load_address>
         <run_address>0x2000f9b4</run_address>
         <size>0x80</size>
         <input_file_ref idref="fl-13"/>
      </object_component>
      <object_component id="oc-74b">
         <name>.text:readIsrBinaryBlocking</name>
         <load_address>0x2000fa34</load_address>
         <run_address>0x2000fa34</run_address>
         <size>0x7c</size>
         <input_file_ref idref="fl-15"/>
      </object_component>
      <object_component id="oc-3f0">
         <name>.text:I2CCC32XX_primeReadBurst</name>
         <load_address>0x2000fab0</load_address>
         <run_address>0x2000fab0</run_address>
         <size>0x7a</size>
         <input_file_ref idref="fl-12"/>
      </object_component>
      <object_component id="oc-9d">
         <name>.text</name>
         <load_address>0x2000fb2a</load_address>
         <run_address>0x2000fb2a</run_address>
         <size>0x7a</size>
         <input_file_ref idref="fl-f4"/>
      </object_component>
      <object_component id="oc-75d">
         <name>.text:readIsrBinaryCallback</name>
         <load_address>0x2000fba4</load_address>
         <run_address>0x2000fba4</run_address>
         <size>0x78</size>
         <input_file_ref idref="fl-15"/>
      </object_component>
      <object_component id="oc-692">
         <name>.text:UARTCC32XX_hwiIntFxn</name>
         <load_address>0x2000fc1c</load_address>
         <run_address>0x2000fc1c</run_address>
         <size>0x74</size>
         <input_file_ref idref="fl-15"/>
      </object_component>
      <object_component id="oc-827">
         <name>.text:split</name>
         <load_address>0x2000fc90</load_address>
         <run_address>0x2000fc90</run_address>
         <size>0x70</size>
         <input_file_ref idref="fl-e7"/>
      </object_component>
      <object_component id="oc-490">
         <name>.text:_mcpy</name>
         <load_address>0x2000fd00</load_address>
         <run_address>0x2000fd00</run_address>
         <size>0x6e</size>
         <input_file_ref idref="fl-e9"/>
      </object_component>
      <object_component id="oc-42f">
         <name>.text:I2CSupport_primeTransfer</name>
         <load_address>0x2000fd6e</load_address>
         <run_address>0x2000fd6e</run_address>
         <size>0x6a</size>
         <input_file_ref idref="fl-12"/>
      </object_component>
      <object_component id="oc-14">
         <name>.text:decompress:lzss:__TI_decompress_lzss</name>
         <load_address>0x2000fdd8</load_address>
         <run_address>0x2000fdd8</run_address>
         <size>0x68</size>
         <input_file_ref idref="fl-e6"/>
      </object_component>
      <object_component id="oc-523">
         <name>.text:UARTCC32XX_writeCancel</name>
         <load_address>0x2000fe40</load_address>
         <run_address>0x2000fe40</run_address>
         <size>0x66</size>
         <input_file_ref idref="fl-15"/>
      </object_component>
      <object_component id="oc-6d">
         <name>.text:defaultHandler</name>
         <load_address>0x2000fea6</load_address>
         <run_address>0x2000fea6</run_address>
         <size>0x2</size>
         <input_file_ref idref="fl-1d"/>
      </object_component>
      <object_component id="oc-665">
         <name>.text:PowerCC32XX_setParkState</name>
         <load_address>0x2000fea8</load_address>
         <run_address>0x2000fea8</run_address>
         <size>0x64</size>
         <input_file_ref idref="fl-13"/>
      </object_component>
      <object_component id="oc-51d">
         <name>.text:UARTCC32XX_writePolling</name>
         <load_address>0x2000ff0c</load_address>
         <run_address>0x2000ff0c</run_address>
         <size>0x62</size>
         <input_file_ref idref="fl-15"/>
      </object_component>
      <object_component id="oc-67">
         <name>.text:faultISR</name>
         <load_address>0x2000ff6e</load_address>
         <run_address>0x2000ff6e</run_address>
         <size>0x2</size>
         <input_file_ref idref="fl-1d"/>
      </object_component>
      <object_component id="oc-224">
         <name>.text:GPIO_toggle</name>
         <load_address>0x2000ff70</load_address>
         <run_address>0x2000ff70</run_address>
         <size>0x60</size>
         <input_file_ref idref="fl-11"/>
      </object_component>
      <object_component id="oc-8bc">
         <name>.text:PRCMSysResetCauseGet</name>
         <load_address>0x2000ffd0</load_address>
         <run_address>0x2000ffd0</run_address>
         <size>0x60</size>
         <input_file_ref idref="fl-24"/>
      </object_component>
      <object_component id="oc-4a5">
         <name>.text:frexp</name>
         <load_address>0x20010030</load_address>
         <run_address>0x20010030</run_address>
         <size>0x5c</size>
         <input_file_ref idref="fl-ea"/>
      </object_component>
      <object_component id="oc-6d1">
         <name>.text:sysTickInit</name>
         <load_address>0x2001008c</load_address>
         <run_address>0x2001008c</run_address>
         <size>0x5c</size>
         <input_file_ref idref="fl-1a"/>
      </object_component>
      <object_component id="oc-8d5">
         <name>.text:PRCMPeripheralReset</name>
         <load_address>0x200100e8</load_address>
         <run_address>0x200100e8</run_address>
         <size>0x58</size>
         <input_file_ref idref="fl-24"/>
      </object_component>
      <object_component id="oc-632">
         <name>.text:Power_releaseDependency</name>
         <load_address>0x20010140</load_address>
         <run_address>0x20010140</run_address>
         <size>0x58</size>
         <input_file_ref idref="fl-13"/>
      </object_component>
      <object_component id="oc-333">
         <name>.text:_pconv_f</name>
         <load_address>0x20010198</load_address>
         <run_address>0x20010198</run_address>
         <size>0x56</size>
         <input_file_ref idref="fl-e9"/>
      </object_component>
      <object_component id="oc-47a">
         <name>.text:__TI_ltoa</name>
         <load_address>0x200101ee</load_address>
         <run_address>0x200101ee</run_address>
         <size>0x54</size>
         <input_file_ref idref="fl-fa"/>
      </object_component>
      <object_component id="oc-7d4">
         <name>.text:ringBufGet</name>
         <load_address>0x20010242</load_address>
         <run_address>0x20010242</run_address>
         <size>0x54</size>
         <input_file_ref idref="fl-15"/>
      </object_component>
      <object_component id="oc-8a8">
         <name>.text:PowerCC32XX_resumeLPDS</name>
         <load_address>0x20010296</load_address>
         <run_address>0x20010296</run_address>
         <size>0x52</size>
         <input_file_ref idref="fl-14"/>
      </object_component>
      <object_component id="oc-48a">
         <name>.text:_ecpy</name>
         <load_address>0x200102e8</load_address>
         <run_address>0x200102e8</run_address>
         <size>0x52</size>
         <input_file_ref idref="fl-e9"/>
      </object_component>
      <object_component id="oc-61">
         <name>.text:nmiISR</name>
         <load_address>0x2001033a</load_address>
         <run_address>0x2001033a</run_address>
         <size>0x2</size>
         <input_file_ref idref="fl-1d"/>
      </object_component>
      <object_component id="oc-79">
         <name>.text:ClockP_sysTickHandler</name>
         <load_address>0x2001033c</load_address>
         <run_address>0x2001033c</run_address>
         <size>0x50</size>
         <input_file_ref idref="fl-1a"/>
      </object_component>
      <object_component id="oc-3c0">
         <name>.text:SemaphoreP_construct</name>
         <load_address>0x2001038c</load_address>
         <run_address>0x2001038c</run_address>
         <size>0x50</size>
         <input_file_ref idref="fl-19"/>
      </object_component>
      <object_component id="oc-3e4">
         <name>.text:I2CCC32XX_readRecieveFifo</name>
         <load_address>0x200103dc</load_address>
         <run_address>0x200103dc</run_address>
         <size>0x4c</size>
         <input_file_ref idref="fl-12"/>
      </object_component>
      <object_component id="oc-89f">
         <name>.text:PowerCC32XX_parkPin</name>
         <load_address>0x20010428</load_address>
         <run_address>0x20010428</run_address>
         <size>0x4c</size>
         <input_file_ref idref="fl-13"/>
      </object_component>
      <object_component id="oc-31c">
         <name>.text:atoi</name>
         <load_address>0x20010474</load_address>
         <run_address>0x20010474</run_address>
         <size>0x4c</size>
         <input_file_ref idref="fl-fc"/>
      </object_component>
      <object_component id="oc-860">
         <name>.text:restorePeriphClocks</name>
         <load_address>0x200104c0</load_address>
         <run_address>0x200104c0</run_address>
         <size>0x4c</size>
         <input_file_ref idref="fl-13"/>
      </object_component>
      <object_component id="oc-172">
         <name>.text:snprintf</name>
         <load_address>0x2001050c</load_address>
         <run_address>0x2001050c</run_address>
         <size>0x4c</size>
         <input_file_ref idref="fl-dd"/>
      </object_component>
      <object_component id="oc-8ef">
         <name>.text:FlashDisable</name>
         <load_address>0x20010558</load_address>
         <run_address>0x20010558</run_address>
         <size>0x48</size>
         <input_file_ref idref="fl-27"/>
      </object_component>
      <object_component id="oc-872">
         <name>.text:PRCMLPDSEnter</name>
         <load_address>0x200105a0</load_address>
         <run_address>0x200105a0</run_address>
         <size>0x48</size>
         <input_file_ref idref="fl-24"/>
      </object_component>
      <object_component id="oc-8cf">
         <name>.text:PRCMPeripheralClkEnable</name>
         <load_address>0x200105e8</load_address>
         <run_address>0x200105e8</run_address>
         <size>0x48</size>
         <input_file_ref idref="fl-24"/>
      </object_component>
      <object_component id="oc-57f">
         <name>.text:Power_releaseConstraint</name>
         <load_address>0x20010630</load_address>
         <run_address>0x20010630</run_address>
         <size>0x48</size>
         <input_file_ref idref="fl-13"/>
      </object_component>
      <object_component id="oc-16c">
         <name>.text:TickFct_TL</name>
         <load_address>0x20010678</load_address>
         <run_address>0x20010678</run_address>
         <size>0x48</size>
         <input_file_ref idref="fl-2"/>
      </object_component>
      <object_component id="oc-475">
         <name>.text</name>
         <load_address>0x200106c0</load_address>
         <run_address>0x200106c0</run_address>
         <size>0x48</size>
         <input_file_ref idref="fl-f2"/>
      </object_component>
      <object_component id="oc-7c1">
         <name>.text:RingBuf_put</name>
         <load_address>0x20010708</load_address>
         <run_address>0x20010708</run_address>
         <size>0x46</size>
         <input_file_ref idref="fl-17"/>
      </object_component>
      <object_component id="oc-5e5">
         <name>.text</name>
         <load_address>0x2001074e</load_address>
         <run_address>0x2001074e</run_address>
         <size>0x2</size>
         <input_file_ref idref="fl-ed"/>
      </object_component>
      <object_component id="oc-6ea">
         <name>.text:ClockP_stop</name>
         <load_address>0x20010750</load_address>
         <run_address>0x20010750</run_address>
         <size>0x44</size>
         <input_file_ref idref="fl-1a"/>
      </object_component>
      <object_component id="oc-8ad">
         <name>.text:PRCMLPDSRestoreInfoSet</name>
         <load_address>0x20010794</load_address>
         <run_address>0x20010794</run_address>
         <size>0x44</size>
         <input_file_ref idref="fl-24"/>
      </object_component>
      <object_component id="oc-855">
         <name>.text:PowerCC32XX_enterLPDS</name>
         <load_address>0x200107d8</load_address>
         <run_address>0x200107d8</run_address>
         <size>0x44</size>
         <input_file_ref idref="fl-14"/>
      </object_component>
      <object_component id="oc-40f">
         <name>.text:SemaphoreP_post</name>
         <load_address>0x2001081c</load_address>
         <run_address>0x2001081c</run_address>
         <size>0x44</size>
         <input_file_ref idref="fl-19"/>
      </object_component>
      <object_component id="oc-81c">
         <name>.text:SwiP_restore</name>
         <load_address>0x20010860</load_address>
         <run_address>0x20010860</run_address>
         <size>0x44</size>
         <input_file_ref idref="fl-1e"/>
      </object_component>
      <object_component id="oc-1f4">
         <name>.text:UART_init</name>
         <load_address>0x200108a4</load_address>
         <run_address>0x200108a4</run_address>
         <size>0x44</size>
         <input_file_ref idref="fl-10"/>
      </object_component>
      <object_component id="oc-191">
         <name>.text:__TI_auto_init_nobinit_nopinit:__TI_auto_init_nobinit_nopinit</name>
         <load_address>0x200108e8</load_address>
         <run_address>0x200108e8</run_address>
         <size>0x44</size>
         <input_file_ref idref="fl-f5"/>
      </object_component>
      <object_component id="oc-73a">
         <name>.text:ClockP_construct</name>
         <load_address>0x2001092c</load_address>
         <run_address>0x2001092c</run_address>
         <size>0x40</size>
         <input_file_ref idref="fl-1a"/>
      </object_component>
      <object_component id="oc-899">
         <name>.text:PinModeSet</name>
         <load_address>0x2001096c</load_address>
         <run_address>0x2001096c</run_address>
         <size>0x40</size>
         <input_file_ref idref="fl-23"/>
      </object_component>
      <object_component id="oc-6ac">
         <name>.text:RingBuf_get</name>
         <load_address>0x200109ac</load_address>
         <run_address>0x200109ac</run_address>
         <size>0x40</size>
         <input_file_ref idref="fl-17"/>
      </object_component>
      <object_component id="oc-505">
         <name>.text:UARTCC32XX_read</name>
         <load_address>0x200109ec</load_address>
         <run_address>0x200109ec</run_address>
         <size>0x40</size>
         <input_file_ref idref="fl-15"/>
      </object_component>
      <object_component id="oc-200">
         <name>.text:UART_open</name>
         <load_address>0x20010a2c</load_address>
         <run_address>0x20010a2c</run_address>
         <size>0x40</size>
         <input_file_ref idref="fl-10"/>
      </object_component>
      <object_component id="oc-49d">
         <name>.text:_fcpy</name>
         <load_address>0x20010a6c</load_address>
         <run_address>0x20010a6c</run_address>
         <size>0x3e</size>
         <input_file_ref idref="fl-e9"/>
      </object_component>
      <object_component id="oc-5ab">
         <name>.text:ClockP_destruct</name>
         <load_address>0x20010aac</load_address>
         <run_address>0x20010aac</run_address>
         <size>0x3c</size>
         <input_file_ref idref="fl-1a"/>
      </object_component>
      <object_component id="oc-5b8">
         <name>.text:Power_setConstraint</name>
         <load_address>0x20010ae8</load_address>
         <run_address>0x20010ae8</run_address>
         <size>0x3c</size>
         <input_file_ref idref="fl-13"/>
      </object_component>
      <object_component id="oc-15a">
         <name>.text:initUART</name>
         <load_address>0x20010b24</load_address>
         <run_address>0x20010b24</run_address>
         <size>0x3c</size>
         <input_file_ref idref="fl-2"/>
      </object_component>
      <object_component id="oc-805">
         <name>.text:getCountsRTC</name>
         <load_address>0x20010b60</load_address>
         <run_address>0x20010b60</run_address>
         <size>0x3a</size>
         <input_file_ref idref="fl-1c"/>
      </object_component>
      <object_component id="oc-878">
         <name>.text:PRCMLPDSEnterKeepDebugIf</name>
         <load_address>0x20010b9c</load_address>
         <run_address>0x20010b9c</run_address>
         <size>0x38</size>
         <input_file_ref idref="fl-24"/>
      </object_component>
      <object_component id="oc-db">
         <name>.text:addToList</name>
         <load_address>0x20010bd4</load_address>
         <run_address>0x20010bd4</run_address>
         <size>0x38</size>
         <input_file_ref idref="fl-1a"/>
      </object_component>
      <object_component id="oc-59">
         <name>.text:initVectors</name>
         <load_address>0x20010c0c</load_address>
         <run_address>0x20010c0c</run_address>
         <size>0x38</size>
         <input_file_ref idref="fl-1d"/>
      </object_component>
      <object_component id="oc-843">
         <name>.text:notify</name>
         <load_address>0x20010c44</load_address>
         <run_address>0x20010c44</run_address>
         <size>0x38</size>
         <input_file_ref idref="fl-13"/>
      </object_component>
      <object_component id="oc-511">
         <name>.text:UARTCC32XX_readCancel</name>
         <load_address>0x20010c7c</load_address>
         <run_address>0x20010c7c</run_address>
         <size>0x36</size>
         <input_file_ref idref="fl-15"/>
      </object_component>
      <object_component id="oc-7f3">
         <name>.text:ClockP_getTicksUntilInterrupt</name>
         <load_address>0x20010cb4</load_address>
         <run_address>0x20010cb4</run_address>
         <size>0x34</size>
         <input_file_ref idref="fl-1a"/>
      </object_component>
      <object_component id="oc-545">
         <name>.text:ClockP_startup</name>
         <load_address>0x20010ce8</load_address>
         <run_address>0x20010ce8</run_address>
         <size>0x34</size>
         <input_file_ref idref="fl-1a"/>
      </object_component>
      <object_component id="oc-8e1">
         <name>.text:PinModeGet</name>
         <load_address>0x20010d1c</load_address>
         <run_address>0x20010d1c</run_address>
         <size>0x34</size>
         <input_file_ref idref="fl-23"/>
      </object_component>
      <object_component id="oc-638">
         <name>.text:PowerCC32XX_restoreParkState</name>
         <load_address>0x20010d50</load_address>
         <run_address>0x20010d50</run_address>
         <size>0x34</size>
         <input_file_ref idref="fl-13"/>
      </object_component>
      <object_component id="oc-599">
         <name>.text:ClockP_start</name>
         <load_address>0x20010d84</load_address>
         <run_address>0x20010d84</run_address>
         <size>0x30</size>
         <input_file_ref idref="fl-1a"/>
      </object_component>
      <object_component id="oc-8e8">
         <name>.text:PowerCC32XX_restoreParkedPin</name>
         <load_address>0x20010db4</load_address>
         <run_address>0x20010db4</run_address>
         <size>0x30</size>
         <input_file_ref idref="fl-13"/>
      </object_component>
      <object_component id="oc-231">
         <name>.text:_outs</name>
         <load_address>0x20010de4</load_address>
         <run_address>0x20010de4</run_address>
         <size>0x30</size>
         <input_file_ref idref="fl-dd"/>
      </object_component>
      <object_component id="oc-480">
         <name>.text</name>
         <load_address>0x20010e14</load_address>
         <run_address>0x20010e14</run_address>
         <size>0x2e</size>
         <input_file_ref idref="fl-f3"/>
      </object_component>
      <object_component id="oc-65f">
         <name>.text:PowerCC32XX_getParkState</name>
         <load_address>0x20010e44</load_address>
         <run_address>0x20010e44</run_address>
         <size>0x2c</size>
         <input_file_ref idref="fl-13"/>
      </object_component>
      <object_component id="oc-66b">
         <name>.text:HwiP_create</name>
         <load_address>0x20010e70</load_address>
         <run_address>0x20010e70</run_address>
         <size>0x2a</size>
         <input_file_ref idref="fl-1b"/>
      </object_component>
      <object_component id="oc-3fc">
         <name>.text:I2CFIFODataPutNonBlocking</name>
         <load_address>0x20010e9a</load_address>
         <run_address>0x20010e9a</run_address>
         <size>0x28</size>
         <input_file_ref idref="fl-21"/>
      </object_component>
      <object_component id="oc-8db">
         <name>.text:PRCMPeripheralClkDisable</name>
         <load_address>0x20010ec4</load_address>
         <run_address>0x20010ec4</run_address>
         <size>0x28</size>
         <input_file_ref idref="fl-24"/>
      </object_component>
      <object_component id="oc-2cc">
         <name>.text:Power_registerNotify</name>
         <load_address>0x20010eec</load_address>
         <run_address>0x20010eec</run_address>
         <size>0x28</size>
         <input_file_ref idref="fl-13"/>
      </object_component>
      <object_component id="oc-166">
         <name>.text:TickFct_BT</name>
         <load_address>0x20010f14</load_address>
         <run_address>0x20010f14</run_address>
         <size>0x28</size>
         <input_file_ref idref="fl-2"/>
      </object_component>
      <object_component id="oc-795">
         <name>.text:free_list_insert</name>
         <load_address>0x20010f3c</load_address>
         <run_address>0x20010f3c</run_address>
         <size>0x28</size>
         <input_file_ref idref="fl-e7"/>
      </object_component>
      <object_component id="oc-55b">
         <name>.text:I2CFIFODataGetNonBlocking</name>
         <load_address>0x20010f64</load_address>
         <run_address>0x20010f64</run_address>
         <size>0x26</size>
         <input_file_ref idref="fl-21"/>
      </object_component>
      <object_component id="oc-43b">
         <name>.text:I2C_cancel</name>
         <load_address>0x20010f8a</load_address>
         <run_address>0x20010f8a</run_address>
         <size>0x26</size>
         <input_file_ref idref="fl-f"/>
      </object_component>
      <object_component id="oc-3a5">
         <name>.text:List_put</name>
         <load_address>0x20010fb0</load_address>
         <run_address>0x20010fb0</run_address>
         <size>0x26</size>
         <input_file_ref idref="fl-16"/>
      </object_component>
      <object_component id="oc-71a">
         <name>.text:List_remove</name>
         <load_address>0x20010fd6</load_address>
         <run_address>0x20010fd6</run_address>
         <size>0x26</size>
         <input_file_ref idref="fl-16"/>
      </object_component>
      <object_component id="oc-3b0">
         <name>.text:HwiP_dispatch</name>
         <load_address>0x20010ffc</load_address>
         <run_address>0x20010ffc</run_address>
         <size>0x24</size>
         <input_file_ref idref="fl-1b"/>
      </object_component>
      <object_component id="oc-659">
         <name>.text:PowerCC32XX_reset</name>
         <load_address>0x20011020</load_address>
         <run_address>0x20011020</run_address>
         <size>0x24</size>
         <input_file_ref idref="fl-13"/>
      </object_component>
      <object_component id="oc-c5">
         <name>.text:_c_int00_noargs:_c_int00_noargs</name>
         <load_address>0x20011044</load_address>
         <run_address>0x20011044</run_address>
         <size>0x24</size>
         <input_file_ref idref="fl-e8"/>
      </object_component>
      <object_component id="oc-563">
         <name>.text:I2CMasterSlaveAddrSet</name>
         <load_address>0x20011068</load_address>
         <run_address>0x20011068</run_address>
         <size>0x22</size>
         <input_file_ref idref="fl-21"/>
      </object_component>
      <object_component id="oc-70b">
         <name>.text:HwiP_destruct</name>
         <load_address>0x2001108a</load_address>
         <run_address>0x2001108a</run_address>
         <size>0x20</size>
         <input_file_ref idref="fl-1b"/>
      </object_component>
      <object_component id="oc-62c">
         <name>.text:Power_unregisterNotify</name>
         <load_address>0x200110ac</load_address>
         <run_address>0x200110ac</run_address>
         <size>0x20</size>
         <input_file_ref idref="fl-13"/>
      </object_component>
      <object_component id="oc-645">
         <name>.text:RingBuf_peek</name>
         <load_address>0x200110cc</load_address>
         <run_address>0x200110cc</run_address>
         <size>0x20</size>
         <input_file_ref idref="fl-17"/>
      </object_component>
      <object_component id="oc-653">
         <name>.text:getPowerMgrId</name>
         <load_address>0x200110ec</load_address>
         <run_address>0x200110ec</run_address>
         <size>0x20</size>
         <input_file_ref idref="fl-15"/>
      </object_component>
      <object_component id="oc-3d8">
         <name>.text:I2CMasterIntStatusEx</name>
         <load_address>0x2001110c</load_address>
         <run_address>0x2001110c</run_address>
         <size>0x1e</size>
         <input_file_ref idref="fl-21"/>
      </object_component>
      <object_component id="oc-2de">
         <name>.text:SemaphoreP_constructBinary</name>
         <load_address>0x2001112a</load_address>
         <run_address>0x2001112a</run_address>
         <size>0x1e</size>
         <input_file_ref idref="fl-19"/>
      </object_component>
      <object_component id="oc-63e">
         <name>.text:PinToPadGet</name>
         <load_address>0x20011148</load_address>
         <run_address>0x20011148</run_address>
         <size>0x1c</size>
         <input_file_ref idref="fl-23"/>
      </object_component>
      <object_component id="oc-7e7">
         <name>.text:SwiP_disable</name>
         <load_address>0x20011164</load_address>
         <run_address>0x20011164</run_address>
         <size>0x1c</size>
         <input_file_ref idref="fl-1e"/>
      </object_component>
      <object_component id="oc-78f">
         <name>.text:free_list_remove</name>
         <load_address>0x20011180</load_address>
         <run_address>0x20011180</run_address>
         <size>0x1c</size>
         <input_file_ref idref="fl-e7"/>
      </object_component>
      <object_component id="oc-345">
         <name>.text:memccpy</name>
         <load_address>0x2001119c</load_address>
         <run_address>0x2001119c</run_address>
         <size>0x1c</size>
         <input_file_ref idref="fl-fe"/>
      </object_component>
      <object_component id="oc-67d">
         <name>.text:ClockP_create</name>
         <load_address>0x200111b8</load_address>
         <run_address>0x200111b8</run_address>
         <size>0x1a</size>
         <input_file_ref idref="fl-1a"/>
      </object_component>
      <object_component id="oc-21">
         <name>.text:resetISR</name>
         <load_address>0x200111d4</load_address>
         <run_address>0x200111d4</run_address>
         <size>0x1a</size>
         <input_file_ref idref="fl-1d"/>
      </object_component>
      <object_component id="oc-5cc">
         <name>.text:I2CMasterBusBusy</name>
         <load_address>0x200111ee</load_address>
         <run_address>0x200111ee</run_address>
         <size>0x18</size>
         <input_file_ref idref="fl-21"/>
      </object_component>
      <object_component id="oc-3ea">
         <name>.text:I2CMasterIntDisableEx</name>
         <load_address>0x20011206</load_address>
         <run_address>0x20011206</run_address>
         <size>0x18</size>
         <input_file_ref idref="fl-21"/>
      </object_component>
      <object_component id="oc-575">
         <name>.text:I2CMasterIntEnableEx</name>
         <load_address>0x2001121e</load_address>
         <run_address>0x2001121e</run_address>
         <size>0x18</size>
         <input_file_ref idref="fl-21"/>
      </object_component>
      <object_component id="oc-5c6">
         <name>.text:I2CRxFIFOFlush</name>
         <load_address>0x20011236</load_address>
         <run_address>0x20011236</run_address>
         <size>0x18</size>
         <input_file_ref idref="fl-21"/>
      </object_component>
      <object_component id="oc-5c0">
         <name>.text:I2CTxFIFOFlush</name>
         <load_address>0x2001124e</load_address>
         <run_address>0x2001124e</run_address>
         <size>0x18</size>
         <input_file_ref idref="fl-21"/>
      </object_component>
      <object_component id="oc-7f9">
         <name>.text:Power_getTransitionLatency</name>
         <load_address>0x20011268</load_address>
         <run_address>0x20011268</run_address>
         <size>0x18</size>
         <input_file_ref idref="fl-13"/>
      </object_component>
      <object_component id="oc-6c9">
         <name>.text:Power_idleFunc</name>
         <load_address>0x20011280</load_address>
         <run_address>0x20011280</run_address>
         <size>0x18</size>
         <input_file_ref idref="fl-13"/>
      </object_component>
      <object_component id="oc-6b4">
         <name>.text:UARTBusy</name>
         <load_address>0x20011298</load_address>
         <run_address>0x20011298</run_address>
         <size>0x18</size>
         <input_file_ref idref="fl-25"/>
      </object_component>
      <object_component id="oc-77e">
         <name>.text:UARTIntEnable</name>
         <load_address>0x200112b0</load_address>
         <run_address>0x200112b0</run_address>
         <size>0x18</size>
         <input_file_ref idref="fl-25"/>
      </object_component>
      <object_component id="oc-1fa">
         <name>.text:UART_Params_init</name>
         <load_address>0x200112c8</load_address>
         <run_address>0x200112c8</run_address>
         <size>0x18</size>
         <input_file_ref idref="fl-10"/>
      </object_component>
      <object_component id="oc-237">
         <name>.text:_outc</name>
         <load_address>0x200112e0</load_address>
         <run_address>0x200112e0</run_address>
         <size>0x18</size>
         <input_file_ref idref="fl-dd"/>
      </object_component>
      <object_component id="oc-811">
         <name>.text</name>
         <load_address>0x200112f8</load_address>
         <run_address>0x200112f8</run_address>
         <size>0x18</size>
         <input_file_ref idref="fl-e1"/>
      </object_component>
      <object_component id="oc-56f">
         <name>.text:I2CMasterBurstLengthSet</name>
         <load_address>0x20011310</load_address>
         <run_address>0x20011310</run_address>
         <size>0x16</size>
         <input_file_ref idref="fl-21"/>
      </object_component>
      <object_component id="oc-8c9">
         <name>.text:PRCMHIBRegRead</name>
         <load_address>0x20011326</load_address>
         <run_address>0x20011326</run_address>
         <size>0x16</size>
         <input_file_ref idref="fl-24"/>
      </object_component>
      <object_component id="oc-8c3">
         <name>.text:PRCMHIBRegWrite</name>
         <load_address>0x2001133c</load_address>
         <run_address>0x2001133c</run_address>
         <size>0x16</size>
         <input_file_ref idref="fl-24"/>
      </object_component>
      <object_component id="oc-671">
         <name>.text:SemaphoreP_create</name>
         <load_address>0x20011352</load_address>
         <run_address>0x20011352</run_address>
         <size>0x16</size>
         <input_file_ref idref="fl-19"/>
      </object_component>
      <object_component id="oc-4b1">
         <name>.text:strchr</name>
         <load_address>0x20011368</load_address>
         <run_address>0x20011368</run_address>
         <size>0x16</size>
         <input_file_ref idref="fl-ff"/>
      </object_component>
      <object_component id="oc-a3">
         <name>.text:CPUcpsid</name>
         <load_address>0x2001137e</load_address>
         <run_address>0x2001137e</run_address>
         <size>0x14</size>
         <input_file_ref idref="fl-20"/>
      </object_component>
      <object_component id="oc-586">
         <name>.text:HwiP_inISR</name>
         <load_address>0x20011394</load_address>
         <run_address>0x20011394</run_address>
         <size>0x14</size>
         <input_file_ref idref="fl-1b"/>
      </object_component>
      <object_component id="oc-5d4">
         <name>.text:I2CSupport_masterFinish</name>
         <load_address>0x200113a8</load_address>
         <run_address>0x200113a8</run_address>
         <size>0x14</size>
         <input_file_ref idref="fl-12"/>
      </object_component>
      <object_component id="oc-219">
         <name>.text:I2C_transfer</name>
         <load_address>0x200113bc</load_address>
         <run_address>0x200113bc</run_address>
         <size>0x14</size>
         <input_file_ref idref="fl-f"/>
      </object_component>
      <object_component id="oc-af">
         <name>.text:IntVTableBaseSet</name>
         <load_address>0x200113d0</load_address>
         <run_address>0x200113d0</run_address>
         <size>0x14</size>
         <input_file_ref idref="fl-22"/>
      </object_component>
      <object_component id="oc-58c">
         <name>.text:Power_disablePolicy</name>
         <load_address>0x200113e4</load_address>
         <run_address>0x200113e4</run_address>
         <size>0x14</size>
         <input_file_ref idref="fl-13"/>
      </object_component>
      <object_component id="oc-8b5">
         <name>.text:Power_getDependencyCount</name>
         <load_address>0x200113f8</load_address>
         <run_address>0x200113f8</run_address>
         <size>0x14</size>
         <input_file_ref idref="fl-13"/>
      </object_component>
      <object_component id="oc-778">
         <name>.text:releasePowerConstraint</name>
         <load_address>0x2001140c</load_address>
         <run_address>0x2001140c</run_address>
         <size>0x14</size>
         <input_file_ref idref="fl-15"/>
      </object_component>
      <object_component id="oc-316">
         <name>.text:strlen</name>
         <load_address>0x20011420</load_address>
         <run_address>0x20011420</run_address>
         <size>0x14</size>
         <input_file_ref idref="fl-100"/>
      </object_component>
      <object_component id="oc-2d2">
         <name>.text:HwiP_Params_init</name>
         <load_address>0x20011434</load_address>
         <run_address>0x20011434</run_address>
         <size>0x12</size>
         <input_file_ref idref="fl-1b"/>
      </object_component>
      <object_component id="oc-3de">
         <name>.text:I2CMasterIntClearEx</name>
         <load_address>0x20011446</load_address>
         <run_address>0x20011446</run_address>
         <size>0x12</size>
         <input_file_ref idref="fl-21"/>
      </object_component>
      <object_component id="oc-64d">
         <name>.text:RingBuf_construct</name>
         <load_address>0x20011458</load_address>
         <run_address>0x20011458</run_address>
         <size>0x12</size>
         <input_file_ref idref="fl-17"/>
      </object_component>
      <object_component id="oc-34b">
         <name>.text:wcslen</name>
         <load_address>0x2001146a</load_address>
         <run_address>0x2001146a</run_address>
         <size>0x12</size>
         <input_file_ref idref="fl-ec"/>
      </object_component>
      <object_component id="oc-593">
         <name>.text:ClockP_add</name>
         <load_address>0x2001147c</load_address>
         <run_address>0x2001147c</run_address>
         <size>0x10</size>
         <input_file_ref idref="fl-1a"/>
      </object_component>
      <object_component id="oc-626">
         <name>.text:ClockP_delete</name>
         <load_address>0x2001148c</load_address>
         <run_address>0x2001148c</run_address>
         <size>0x10</size>
         <input_file_ref idref="fl-1a"/>
      </object_component>
      <object_component id="oc-3c8">
         <name>.text:ClockP_getCpuFreq</name>
         <load_address>0x2001149c</load_address>
         <run_address>0x2001149c</run_address>
         <size>0x10</size>
         <input_file_ref idref="fl-1a"/>
      </object_component>
      <object_component id="oc-7ff">
         <name>.text:ClockP_getSystemTicks</name>
         <load_address>0x200114ac</load_address>
         <run_address>0x200114ac</run_address>
         <size>0x10</size>
         <input_file_ref idref="fl-1a"/>
      </object_component>
      <object_component id="oc-816">
         <name>.text:ClockP_setTicks</name>
         <load_address>0x200114bc</load_address>
         <run_address>0x200114bc</run_address>
         <size>0x10</size>
         <input_file_ref idref="fl-1a"/>
      </object_component>
      <object_component id="oc-61a">
         <name>.text:HwiP_delete</name>
         <load_address>0x200114cc</load_address>
         <run_address>0x200114cc</run_address>
         <size>0x10</size>
         <input_file_ref idref="fl-1b"/>
      </object_component>
      <object_component id="oc-2a6">
         <name>.text:HwiP_restore</name>
         <load_address>0x200114dc</load_address>
         <run_address>0x200114dc</run_address>
         <size>0x10</size>
         <input_file_ref idref="fl-1b"/>
      </object_component>
      <object_component id="oc-402">
         <name>.text:I2CFIFOStatus</name>
         <load_address>0x200114ec</load_address>
         <run_address>0x200114ec</run_address>
         <size>0x10</size>
         <input_file_ref idref="fl-21"/>
      </object_component>
      <object_component id="oc-20d">
         <name>.text:I2C_Params_init</name>
         <load_address>0x200114fc</load_address>
         <run_address>0x200114fc</run_address>
         <size>0x10</size>
         <input_file_ref idref="fl-f"/>
      </object_component>
      <object_component id="oc-59f">
         <name>.text:Power_enablePolicy</name>
         <load_address>0x2001150c</load_address>
         <run_address>0x2001150c</run_address>
         <size>0x10</size>
         <input_file_ref idref="fl-13"/>
      </object_component>
      <object_component id="oc-3ba">
         <name>.text:SemaphoreP_Params_init</name>
         <load_address>0x2001151c</load_address>
         <run_address>0x2001151c</run_address>
         <size>0x10</size>
         <input_file_ref idref="fl-19"/>
      </object_component>
      <object_component id="oc-6a4">
         <name>.text:readBlockingTimeout</name>
         <load_address>0x2001152c</load_address>
         <run_address>0x2001152c</run_address>
         <size>0x10</size>
         <input_file_ref idref="fl-15"/>
      </object_component>
      <object_component id="oc-2c6">
         <name>.text:HwiP_clearInterrupt</name>
         <load_address>0x2001153c</load_address>
         <run_address>0x2001153c</run_address>
         <size>0xe</size>
         <input_file_ref idref="fl-1b"/>
      </object_component>
      <object_component id="oc-2a0">
         <name>.text:HwiP_disable</name>
         <load_address>0x2001154a</load_address>
         <run_address>0x2001154a</run_address>
         <size>0xe</size>
         <input_file_ref idref="fl-1b"/>
      </object_component>
      <object_component id="oc-429">
         <name>.text:HwiP_disableInterrupt</name>
         <load_address>0x20011558</load_address>
         <run_address>0x20011558</run_address>
         <size>0xe</size>
         <input_file_ref idref="fl-1b"/>
      </object_component>
      <object_component id="oc-435">
         <name>.text:HwiP_enableInterrupt</name>
         <load_address>0x20011566</load_address>
         <run_address>0x20011566</run_address>
         <size>0xe</size>
         <input_file_ref idref="fl-1b"/>
      </object_component>
      <object_component id="oc-569">
         <name>.text:I2CCC32XX_updateReg</name>
         <load_address>0x20011574</load_address>
         <run_address>0x20011574</run_address>
         <size>0xe</size>
         <input_file_ref idref="fl-12"/>
      </object_component>
      <object_component id="oc-7c7">
         <name>.text:RingBuf_isFull</name>
         <load_address>0x20011582</load_address>
         <run_address>0x20011582</run_address>
         <size>0xe</size>
         <input_file_ref idref="fl-17"/>
      </object_component>
      <object_component id="oc-1a">
         <name>.text:decompress:none:__TI_decompress_none</name>
         <load_address>0x20011590</load_address>
         <run_address>0x20011590</run_address>
         <size>0xe</size>
         <input_file_ref idref="fl-e5"/>
      </object_component>
      <object_component id="oc-2f0">
         <name>.text:I2CCC32XX_postNotify</name>
         <load_address>0x2001159e</load_address>
         <run_address>0x2001159e</run_address>
         <size>0xc</size>
         <input_file_ref idref="fl-12"/>
      </object_component>
      <object_component id="oc-7ed">
         <name>.text:Power_getConstraintMask</name>
         <load_address>0x200115ac</load_address>
         <run_address>0x200115ac</run_address>
         <size>0xc</size>
         <input_file_ref idref="fl-13"/>
      </object_component>
      <object_component id="oc-5fe">
         <name>.text:copysign</name>
         <load_address>0x200115b8</load_address>
         <run_address>0x200115b8</run_address>
         <size>0xc</size>
         <input_file_ref idref="fl-102"/>
      </object_component>
      <object_component id="oc-4d">
         <name>.text:decompress:ZI:__TI_zero_init</name>
         <load_address>0x200115c4</load_address>
         <run_address>0x200115c4</run_address>
         <size>0xc</size>
         <input_file_ref idref="fl-e4"/>
      </object_component>
      <object_component id="oc-68c">
         <name>.text:postNotifyFxn</name>
         <load_address>0x200115d0</load_address>
         <run_address>0x200115d0</run_address>
         <size>0xc</size>
         <input_file_ref idref="fl-15"/>
      </object_component>
      <object_component id="oc-677">
         <name>.text:ClockP_Params_init</name>
         <load_address>0x200115dc</load_address>
         <run_address>0x200115dc</run_address>
         <size>0xa</size>
         <input_file_ref idref="fl-1a"/>
      </object_component>
      <object_component id="oc-5a5">
         <name>.text:ClockP_isActive</name>
         <load_address>0x200115e6</load_address>
         <run_address>0x200115e6</run_address>
         <size>0xa</size>
         <input_file_ref idref="fl-1a"/>
      </object_component>
      <object_component id="oc-53">
         <name>.text:IntMasterDisable</name>
         <load_address>0x200115f0</load_address>
         <run_address>0x200115f0</run_address>
         <size>0xa</size>
         <input_file_ref idref="fl-22"/>
      </object_component>
      <object_component id="oc-178">
         <name>.text:UART_write</name>
         <load_address>0x200115fa</load_address>
         <run_address>0x200115fa</run_address>
         <size>0xa</size>
         <input_file_ref idref="fl-10"/>
      </object_component>
      <object_component id="oc-2fc">
         <name>.text:I2CCC32XX_blockingCallback</name>
         <load_address>0x20011604</load_address>
         <run_address>0x20011604</run_address>
         <size>0x8</size>
         <input_file_ref idref="fl-12"/>
      </object_component>
      <object_component id="oc-351">
         <name>.text:__aeabi_errno_addr</name>
         <load_address>0x2001160c</load_address>
         <run_address>0x2001160c</run_address>
         <size>0x8</size>
         <input_file_ref idref="fl-101"/>
      </object_component>
      <object_component id="oc-731">
         <name>.text:malloc</name>
         <load_address>0x20011614</load_address>
         <run_address>0x20011614</run_address>
         <size>0x8</size>
         <input_file_ref idref="fl-e7"/>
      </object_component>
      <object_component id="oc-69e">
         <name>.text:readSemCallback</name>
         <load_address>0x2001161c</load_address>
         <run_address>0x2001161c</run_address>
         <size>0x8</size>
         <input_file_ref idref="fl-15"/>
      </object_component>
      <object_component id="oc-698">
         <name>.text:writeSemCallback</name>
         <load_address>0x20011624</load_address>
         <run_address>0x20011624</run_address>
         <size>0x8</size>
         <input_file_ref idref="fl-15"/>
      </object_component>
      <object_component id="oc-441">
         <name>.text:I2CSupport_powerRelConstraint</name>
         <load_address>0x2001162c</load_address>
         <run_address>0x2001162c</run_address>
         <size>0x6</size>
         <input_file_ref idref="fl-12"/>
      </object_component>
      <object_component id="oc-423">
         <name>.text:I2CSupport_powerSetConstraint</name>
         <load_address>0x20011632</load_address>
         <run_address>0x20011632</run_address>
         <size>0x6</size>
         <input_file_ref idref="fl-12"/>
      </object_component>
      <object_component id="oc-8c2">
         <name>.text:UtilsDelay</name>
         <load_address>0x20011638</load_address>
         <run_address>0x20011638</run_address>
         <size>0x6</size>
         <input_file_ref idref="fl-26"/>
      </object_component>
      <object_component id="oc-7ce">
         <name>.text:ClockP_setTimeout</name>
         <load_address>0x2001163e</load_address>
         <run_address>0x2001163e</run_address>
         <size>0x4</size>
         <input_file_ref idref="fl-1a"/>
      </object_component>
      <object_component id="oc-881">
         <name>.text:HwiP_post</name>
         <load_address>0x20011642</load_address>
         <run_address>0x20011642</run_address>
         <size>0x4</size>
         <input_file_ref idref="fl-1b"/>
      </object_component>
      <object_component id="oc-620">
         <name>.text:SemaphoreP_delete</name>
         <load_address>0x20011646</load_address>
         <run_address>0x20011646</run_address>
         <size>0x4</size>
         <input_file_ref idref="fl-19"/>
      </object_component>
      <object_component id="oc-119">
         <name>.text:_system_pre_init</name>
         <load_address>0x2001164a</load_address>
         <run_address>0x2001164a</run_address>
         <size>0x4</size>
         <input_file_ref idref="fl-f6"/>
      </object_component>
      <object_component id="oc-185">
         <name>.text:abort:abort</name>
         <load_address>0x2001164e</load_address>
         <run_address>0x2001164e</run_address>
         <size>0x4</size>
         <input_file_ref idref="fl-f8"/>
      </object_component>
      <object_component id="oc-45a">
         <name>.const:.string:_ctypes_</name>
         <load_address>0x20011cf4</load_address>
         <run_address>0x20011cf4</run_address>
         <size>0x101</size>
         <input_file_ref idref="fl-fd"/>
      </object_component>
      <object_component id="oc-726">
         <name>.const:g_ulPinToPadMap</name>
         <load_address>0x20011df8</load_address>
         <run_address>0x20011df8</run_address>
         <size>0x100</size>
         <input_file_ref idref="fl-23"/>
      </object_component>
      <object_component id="oc-90e">
         <name>.const:PRCM_PeriphRegsList</name>
         <load_address>0x20011ef8</load_address>
[...]
         <value>0x20010ffd</value>
         <object_component_ref idref="oc-3b0"/>
      </symbol>
      <symbol id="sm-896">
         <name>HwiP_destruct</name>
         <value>0x2001108b</value>
         <object_component_ref idref="oc-70b"/>
      </symbol>
      <symbol id="sm-897">
         <name>HwiP_clearInterrupt</name>
         <value>0x2001153d</value>
         <object_component_ref idref="oc-2c6"/>
      </symbol>
      <symbol id="sm-898">
         <name>HwiP_swiPIntNum</name>
         <value>0x20011ce0</value>
         <object_component_ref idref="oc-3b6"/>
      </symbol>
      <symbol id="sm-899">
         <name>HwiP_Params_init</name>
         <value>0x20011435</value>
         <object_component_ref idref="oc-2d2"/>
      </symbol>
      <symbol id="sm-89a">
         <name>HwiP_disable</name>
         <value>0x2001154b</value>
         <object_component_ref idref="oc-2a0"/>
      </symbol>
      <symbol id="sm-89b">
         <name>HwiP_enableInterrupt</name>
         <value>0x20011567</value>
         <object_component_ref idref="oc-435"/>
      </symbol>
      <symbol id="sm-89c">
         <name>HwiP_key</name>
         <value>0x20011cdc</value>
         <object_component_ref idref="oc-3b6"/>
      </symbol>
      <symbol id="sm-89d">
         <name>HwiP_create</name>
         <value>0x20010e71</value>
         <object_component_ref idref="oc-66b"/>
      </symbol>
      <symbol id="sm-89e">
         <name>HwiP_post</name>
         <value>0x20011643</value>
         <object_component_ref idref="oc-881"/>
      </symbol>
      <symbol id="sm-89f">
         <name>HwiP_restore</name>
         <value>0x200114dd</value>
         <object_component_ref idref="oc-2a6"/>
      </symbol>
      <symbol id="sm-8a0">
         <name>HwiP_disableInterrupt</name>
         <value>0x20011559</value>
         <object_component_ref idref="oc-429"/>
      </symbol>
      <symbol id="sm-8d0">
         <name>PowerCC32XX_initPolicy</name>
         <value>0x2000d8fb</value>
         <object_component_ref idref="oc-79d"/>
      </symbol>
      <symbol id="sm-8d1">
         <name>PowerCC32XX_sleepPolicy</name>
         <value>0x2000d8fd</value>
         <object_component_ref idref="oc-7a3"/>
      </symbol>
      <symbol id="sm-921">
         <name>resetISR</name>
         <value>0x200111d5</value>
         <object_component_ref idref="oc-21"/>
      </symbol>
      <symbol id="sm-922">
         <name>resetVectorAddr</name>
         <value>0x200111e8</value>
         <object_component_ref idref="oc-21"/>
      </symbol>
      <symbol id="sm-923">
         <name>initVectors</name>
         <value>0x20010c0d</value>
         <object_component_ref idref="oc-59"/>
      </symbol>
      <symbol id="sm-924">
         <name>resetVectors</name>
         <value>0x20004000</value>
         <object_component_ref idref="oc-27"/>
      </symbol>
      <symbol id="sm-954">
         <name>SwiP_disable</name>
         <value>0x20011165</value>
         <object_component_ref idref="oc-7e7"/>
      </symbol>
      <symbol id="sm-955">
         <name>SwiP_restore</name>
         <value>0x20010861</value>
         <object_component_ref idref="oc-81c"/>
      </symbol>
      <symbol id="sm-960">
         <name>CPUcpsid</name>
         <value>0x2001137f</value>
         <object_component_ref idref="oc-a3"/>
      </symbol>
      <symbol id="sm-9cd">
         <name>I2CRxFIFOFlush</name>
         <value>0x20011237</value>
         <object_component_ref idref="oc-5c6"/>
      </symbol>
      <symbol id="sm-9ce">
         <name>I2CTxFIFOFlush</name>
         <value>0x2001124f</value>
         <object_component_ref idref="oc-5c0"/>
      </symbol>
      <symbol id="sm-9cf">
         <name>I2CFIFODataPutNonBlocking</name>
         <value>0x20010e9b</value>
         <object_component_ref idref="oc-3fc"/>
      </symbol>
      <symbol id="sm-9d0">
         <name>I2CMasterBusBusy</name>
         <value>0x200111ef</value>
         <object_component_ref idref="oc-5cc"/>
      </symbol>
      <symbol id="sm-9d1">
         <name>I2CMasterIntDisableEx</name>
         <value>0x20011207</value>
         <object_component_ref idref="oc-3ea"/>
      </symbol>
      <symbol id="sm-9d2">
         <name>I2CMasterBurstLengthSet</name>
         <value>0x20011311</value>
         <object_component_ref idref="oc-56f"/>
      </symbol>
      <symbol id="sm-9d3">
         <name>I2CMasterIntClearEx</name>
         <value>0x20011447</value>
         <object_component_ref idref="oc-3de"/>
      </symbol>
      <symbol id="sm-9d4">
         <name>I2CMasterSlaveAddrSet</name>
         <value>0x20011069</value>
         <object_component_ref idref="oc-563"/>
      </symbol>
      <symbol id="sm-9d5">
         <name>I2CMasterIntEnableEx</name>
         <value>0x2001121f</value>
         <object_component_ref idref="oc-575"/>
      </symbol>
      <symbol id="sm-9d6">
         <name>I2CFIFOStatus</name>
         <value>0x200114ed</value>
         <object_component_ref idref="oc-402"/>
      </symbol>
      <symbol id="sm-9d7">
         <name>I2CMasterIntStatusEx</name>
         <value>0x2001110d</value>
         <object_component_ref idref="oc-3d8"/>
      </symbol>
      <symbol id="sm-9d8">
         <name>I2CFIFODataGetNonBlocking</name>
         <value>0x20010f65</value>
         <object_component_ref idref="oc-55b"/>
      </symbol>
      <symbol id="sm-a1d">
         <name>IntVTableBaseSet</name>
         <value>0x200113d1</value>
         <object_component_ref idref="oc-af"/>
      </symbol>
      <symbol id="sm-a1e">
         <name>IntEnable</name>
         <value>0x2000f0f5</value>
         <object_component_ref idref="oc-b5"/>
      </symbol>
      <symbol id="sm-a1f">
         <name>IntMasterDisable</name>
         <value>0x200115f1</value>
         <object_component_ref idref="oc-53"/>
      </symbol>
      <symbol id="sm-a20">
         <name>IntPendSet</name>
         <value>0x2000f715</value>
         <object_component_ref idref="oc-8f7"/>
      </symbol>
      <symbol id="sm-a5a">
         <name>PinModeGet</name>
         <value>0x20010d1d</value>
         <object_component_ref idref="oc-8e1"/>
      </symbol>
      <symbol id="sm-a5b">
         <name>PinConfigSet</name>
         <value>0x2000f79d</value>
         <object_component_ref idref="oc-901"/>
      </symbol>
      <symbol id="sm-a5c">
         <name>PinModeSet</name>
         <value>0x2001096d</value>
         <object_component_ref idref="oc-899"/>
      </symbol>
      <symbol id="sm-a5d">
         <name>PinToPadGet</name>
         <value>0x20011149</value>
         <object_component_ref idref="oc-63e"/>
      </symbol>
      <symbol id="sm-b26">
         <name>PRCMLPDSRestoreInfoSet</name>
         <value>0x20010795</value>
         <object_component_ref idref="oc-8ad"/>
      </symbol>
      <symbol id="sm-b27">
         <name>PRCMPeripheralReset</name>
         <value>0x200100e9</value>
         <object_component_ref idref="oc-8d5"/>
      </symbol>
      <symbol id="sm-b28">
         <name>PRCMLPDSEnter</name>
         <value>0x200105a1</value>
         <object_component_ref idref="oc-872"/>
      </symbol>
      <symbol id="sm-b29">
         <name>PRCMPeripheralClkEnable</name>
         <value>0x200105e9</value>
         <object_component_ref idref="oc-8cf"/>
      </symbol>
      <symbol id="sm-b2a">
         <name>PRCMLPDSEnterKeepDebugIf</name>
         <value>0x20010b9d</value>
         <object_component_ref idref="oc-878"/>
      </symbol>
      <symbol id="sm-b2b">
         <name>PRCMCC3200MCUInit</name>
         <value>0x2000ca91</value>
         <object_component_ref idref="oc-866"/>
      </symbol>
      <symbol id="sm-b2c">
         <name>PRCMHIBRegWrite</name>
         <value>0x2001133d</value>
         <object_component_ref idref="oc-8c3"/>
      </symbol>
      <symbol id="sm-b2d">
         <name>PRCMSysResetCauseGet</name>
         <value>0x2000ffd1</value>
         <object_component_ref idref="oc-8bc"/>
      </symbol>
      <symbol id="sm-b2e">
         <name>PRCMPeripheralClkDisable</name>
         <value>0x20010ec5</value>
         <object_component_ref idref="oc-8db"/>
      </symbol>
      <symbol id="sm-b2f">
         <name>PRCMHIBRegRead</name>
         <value>0x20011327</value>
         <object_component_ref idref="oc-8c9"/>
      </symbol>
      <symbol id="sm-b43">
         <name>UARTBusy</name>
         <value>0x20011299</value>
         <object_component_ref idref="oc-6b4"/>
      </symbol>
      <symbol id="sm-b44">
         <name>UARTIntEnable</name>
         <value>0x200112b1</value>
         <object_component_ref idref="oc-77e"/>
      </symbol>
      <symbol id="sm-b48">
         <name>UtilsDelay</name>
         <value>0x20011639</value>
         <object_component_ref idref="oc-8c2"/>
      </symbol>
      <symbol id="sm-b58">
         <name>FlashDisable</name>
         <value>0x20010559</value>
         <object_component_ref idref="oc-8ef"/>
      </symbol>
      <symbol id="sm-b87">
         <name>snprintf</name>
         <value>0x2001050d</value>
         <object_component_ref idref="oc-172"/>
      </symbol>
      <symbol id="sm-b93">
         <name>__aeabi_lmul</name>
         <value>0x200112f9</value>
         <object_component_ref idref="oc-811"/>
      </symbol>
      <symbol id="sm-bae">
         <name>memcpy</name>
         <value>0x2000f4c5</value>
         <object_component_ref idref="oc-3b"/>
      </symbol>
      <symbol id="sm-baf">
         <name>__aeabi_memcpy</name>
         <value>0x2000f4c5</value>
         <object_component_ref idref="oc-3b"/>
      </symbol>
      <symbol id="sm-bb0">
         <name>__aeabi_memcpy8</name>
         <value>0x2000f4c5</value>
         <object_component_ref idref="oc-3b"/>
      </symbol>
      <symbol id="sm-bb1">
         <name>__aeabi_memcpy4</name>
         <value>0x2000f4c5</value>
         <object_component_ref idref="oc-3b"/>
      </symbol>
      <symbol id="sm-bbe">
         <name>__aeabi_uldivmod</name>
         <value>0x2000f561</value>
         <object_component_ref idref="oc-45f"/>
      </symbol>
      <symbol id="sm-bd0">
         <name>__TI_zero_init</name>
         <value>0x200115c5</value>
         <object_component_ref idref="oc-4d"/>
      </symbol>
      <symbol id="sm-be7">
         <name>__TI_decompress_none</name>
         <value>0x20011591</value>
         <object_component_ref idref="oc-1a"/>
      </symbol>
      <symbol id="sm-c0a">
         <name>__TI_decompress_lzss</name>
         <value>0x2000fdd9</value>
         <object_component_ref idref="oc-14"/>
      </symbol>
      <symbol id="sm-c93">
         <name>_sys_memory</name>
         <value>0x20004040</value>
         <object_component_ref idref="oc-2a"/>
      </symbol>
      <symbol id="sm-c94">
         <name>free</name>
         <value>0x2000e821</value>
         <object_component_ref idref="oc-711"/>
      </symbol>
      <symbol id="sm-c95">
         <name>memalign</name>
         <value>0x2000e435</value>
         <object_component_ref idref="oc-7b3"/>
      </symbol>
      <symbol id="sm-c96">
         <name>malloc</name>
         <value>0x20011615</value>
         <object_component_ref idref="oc-731"/>
      </symbol>
      <symbol id="sm-c97">
         <name>aligned_alloc</name>
         <value>0x2000e435</value>
         <object_component_ref idref="oc-7b3"/>
      </symbol>
      <symbol id="sm-ca9">
         <name>__stack</name>
         <value>0x20003000</value>
         <object_component_ref idref="oc-2d"/>
      </symbol>
      <symbol id="sm-caa">
         <name>_c_int00_noargs</name>
         <value>0x20011045</value>
         <object_component_ref idref="oc-c5"/>
      </symbol>
      <symbol id="sm-e0f">
         <name>__TI_printfi</name>
         <value>0x2000c041</value>
         <object_component_ref idref="oc-22b"/>
      </symbol>
      <symbol id="sm-e2f">
         <name>frexpl</name>
         <value>0x20010031</value>
         <object_component_ref idref="oc-4a5"/>
      </symbol>
      <symbol id="sm-e30">
         <name>frexp</name>
         <value>0x20010031</value>
         <object_component_ref idref="oc-4a5"/>
      </symbol>
      <symbol id="sm-e4e">
         <name>scalbn</name>
         <value>0x2000e905</value>
         <object_component_ref idref="oc-4ab"/>
      </symbol>
      <symbol id="sm-e4f">
         <name>scalbnl</name>
         <value>0x2000e905</value>
         <object_component_ref idref="oc-4ab"/>
      </symbol>
      <symbol id="sm-e50">
         <name>ldexpl</name>
         <value>0x2000e905</value>
         <object_component_ref idref="oc-4ab"/>
      </symbol>
      <symbol id="sm-e51">
         <name>ldexp</name>
         <value>0x2000e905</value>
         <object_component_ref idref="oc-4ab"/>
      </symbol>
      <symbol id="sm-e6a">
         <name>wcslen</name>
         <value>0x2001146b</value>
         <object_component_ref idref="oc-34b"/>
      </symbol>
      <symbol id="sm-e74">
         <name>__aeabi_idiv0</name>
         <value>0x2001074f</value>
         <object_component_ref idref="oc-5e5"/>
      </symbol>
      <symbol id="sm-e75">
         <name>__aeabi_ldiv0</name>
         <value>0x2001074f</value>
         <object_component_ref idref="oc-5e5"/>
      </symbol>
      <symbol id="sm-e8c">
         <name>__aeabi_dsub</name>
         <value>0x2000d745</value>
         <object_component_ref idref="oc-485"/>
      </symbol>
      <symbol id="sm-e8d">
         <name>__aeabi_dadd</name>
         <value>0x2000d74f</value>
         <object_component_ref idref="oc-485"/>
      </symbol>
      <symbol id="sm-eaf">
         <name>__aeabi_cdcmpeq</name>
         <value>0x2000f825</value>
         <object_component_ref idref="oc-328"/>
      </symbol>
      <symbol id="sm-eb0">
         <name>__aeabi_cdcmple</name>
         <value>0x2000f825</value>
         <object_component_ref idref="oc-328"/>
      </symbol>
      <symbol id="sm-eb1">
         <name>__aeabi_cdrcmple</name>
         <value>0x2000f8ab</value>
         <object_component_ref idref="oc-470"/>
      </symbol>
      <symbol id="sm-ec5">
         <name>__aeabi_ddiv</name>
         <value>0x2000df9d</value>
         <object_component_ref idref="oc-46b"/>
      </symbol>
      <symbol id="sm-ed0">
         <name>__aeabi_dmul</name>
         <value>0x2000e631</value>
         <object_component_ref idref="oc-466"/>
      </symbol>
      <symbol id="sm-eda">
         <name>__aeabi_d2iz</name>
         <value>0x200106c1</value>
         <object_component_ref idref="oc-475"/>
      </symbol>
      <symbol id="sm-ee4">
         <name>__aeabi_i2d</name>
         <value>0x20010e15</value>
         <object_component_ref idref="oc-480"/>
      </symbol>
      <symbol id="sm-ef3">
         <name>__aeabi_memset</name>
         <value>0x2000fb2d</value>
         <object_component_ref idref="oc-9d"/>
      </symbol>
      <symbol id="sm-ef4">
         <name>memset</name>
         <value>0x2000fb33</value>
         <object_component_ref idref="oc-9d"/>
      </symbol>
      <symbol id="sm-ef5">
         <name>__aeabi_memset8</name>
         <value>0x2000fb2d</value>
         <object_component_ref idref="oc-9d"/>
      </symbol>
      <symbol id="sm-ef6">
         <name>__aeabi_memset4</name>
         <value>0x2000fb2d</value>
         <object_component_ref idref="oc-9d"/>
      </symbol>
      <symbol id="sm-ef7">
         <name>__aeabi_memclr8</name>
         <value>0x2000fb2b</value>
         <object_component_ref idref="oc-9d"/>
      </symbol>
      <symbol id="sm-ef8">
         <name>__aeabi_memclr4</name>
         <value>0x2000fb2b</value>
         <object_component_ref idref="oc-9d"/>
      </symbol>
      <symbol id="sm-ef9">
         <name>__aeabi_memclr</name>
         <value>0x2000fb2b</value>
         <object_component_ref idref="oc-9d"/>
      </symbol>
      <symbol id="sm-f21">
         <name>__TI_auto_init_nobinit_nopinit</name>
         <value>0x200108e9</value>
         <object_component_ref idref="oc-191"/>
      </symbol>
      <symbol id="sm-f2b">
         <name>_system_pre_init</name>
         <value>0x2001164b</value>
         <object_component_ref idref="oc-119"/>
      </symbol>
      <symbol id="sm-f37">
         <name>C$$EXIT</name>
         <value>0x2001164f</value>
         <object_component_ref idref="oc-185"/>
      </symbol>
      <symbol id="sm-f38">
         <name>abort</name>
         <value>0x2001164f</value>
         <object_component_ref idref="oc-185"/>
      </symbol>
      <symbol id="sm-f4d">
         <name>_nop</name>
         <value>0x2000ea9f</value>
         <object_component_ref idref="oc-36b"/>
      </symbol>
      <symbol id="sm-f4e">
         <name>_lock</name>
         <value>0x20011cc4</value>
         <object_component_ref idref="oc-258"/>
      </symbol>
      <symbol id="sm-f4f">
         <name>_unlock</name>
         <value>0x20011cc8</value>
         <object_component_ref idref="oc-258"/>
      </symbol>
      <symbol id="sm-f5e">
         <name>__TI_ltoa</name>
         <value>0x200101ef</value>
         <object_component_ref idref="oc-47a"/>
      </symbol>
      <symbol id="sm-f75">
         <name>atoi</name>
         <value>0x20010475</value>
         <object_component_ref idref="oc-31c"/>
      </symbol>
      <symbol id="sm-f80">
         <name>_ctypes_</name>
         <value>0x20011cf4</value>
         <object_component_ref idref="oc-45a"/>
      </symbol>
      <symbol id="sm-f90">
         <name>memccpy</name>
         <value>0x2001119d</value>
         <object_component_ref idref="oc-345"/>
      </symbol>
      <symbol id="sm-fa0">
         <name>strchr</name>
         <value>0x20011369</value>
         <object_component_ref idref="oc-4b1"/>
      </symbol>
      <symbol id="sm-fae">
         <name>strlen</name>
         <value>0x20011421</value>
         <object_component_ref idref="oc-316"/>
      </symbol>
      <symbol id="sm-fc4">
         <name>__aeabi_errno_addr</name>
         <value>0x2001160d</value>
         <object_component_ref idref="oc-351"/>
      </symbol>
      <symbol id="sm-fc5">
         <name>errno</name>
         <value>0x20011cec</value>
         <object_component_ref idref="oc-4c1"/>
      </symbol>
      <symbol id="sm-fcf">
         <name>copysign</name>
         <value>0x200115b9</value>
         <object_component_ref idref="oc-5fe"/>
      </symbol>
      <symbol id="sm-fd0">
         <name>copysignl</name>
         <value>0x200115b9</value>
         <object_component_ref idref="oc-5fe"/>
      </symbol>
      <symbol id="sm-fd1">
         <name>__TI_static_base__</name>
         <value>0x20012580</value>
      </symbol>
      <symbol id="sm-fd4">
         <name>TimerSet</name>
         <value>0x0</value>
      </symbol>
      <symbol id="sm-fd5">
         <name>TimerOn</name>
         <value>0x0</value>
      </symbol>
      <symbol id="sm-fd6">
         <name>ITM_flush</name>
         <value>0x0</value>
      </symbol>
      <symbol id="sm-fd7">
         <name>ITM_restore</name>
         <value>0x0</value>
      </symbol>
      <symbol id="sm-fd8">
         <name>__mpu_init</name>
         <value>0x0</value>
      </symbol>
      <symbol id="sm-fd9">
         <name>_system_post_cinit</name>
         <value>0x0</value>
      </symbol>
   </symbol_table>
   <title>Link errors: red sections failed placement</title>
</link_info>
