******************************************************************************
                  TI ARM Linker PC v20.2.5                     
******************************************************************************
>> Linked Tue Dec  7 22:44:58 2021

OUTPUT FILE NAME:   <gpiointerrupt_CC3220S_LAUNCHXL_nortos_ccs.out>
ENTRY POINT SYMBOL: "resetISR"  address: 200111d5


MEMORY CONFIGURATION

         name            origin    length      used     unused   attr    fill
----------------------  --------  ---------  --------  --------  ----  --------
  SRAM2                 20000000   00004000  0000130c  00002cf4  RW X
  SRAM                  20004000   0003c000  0000e669  0002d997  RW X
  LOG_DATA              90000000   00040000  00000000  00040000  R   


SEGMENT ALLOCATION MAP

run origin  load origin   length   init length attrs members
----------  ----------- ---------- ----------- ----- -------
20003000    20003000    00001000   00000000    rw-
  20003000    20003000    00001000   00000000    rw- .stack
20004000    20004000    00000040   00000040    r--
  20004000    20004000    00000040   00000040    r-- .resetVecs
20004040    20004040    00008000   00000000    rw-
  20004040    20004040    00008000   00000000    rw- .sysmem
2000c040    2000c040    00005612   00005612    r-x
  2000c040    2000c040    00005612   00005612    r-x .text
20011654    20011654    0000069e   00000000    rw-
  20011654    20011654    0000069e   00000000    rw- .data
20011cf4    20011cf4    00000494   00000494    r--
  20011cf4    20011cf4    00000494   00000494    r-- .const
20012188    20012188    000003f5   00000000    rw-
  20012188    20012188    000003f5   00000000    rw- .bss
20012580    20012580    000000f0   000000f0    r--
  20012580    20012580    000000f0   000000f0    r-- .cinit


SECTION ALLOCATION MAP

 output                                  attributes/
section   page    origin      length       input sections
--------  ----  ----------  ----------   ----------------
.text      0    2000c040    00005612     
                  2000c040    00000a4e     rtsv7M4_T_le_eabi.lib : _printfi.c.obj (.text:__TI_printfi)
                  2000ca8e    00000002     drivers_cc32xx.a : I2C.oem4 (.text:I2C_init)
                  2000ca90    0000042c     driverlib.a : prcm.obj (.text:PRCMCC3200MCUInit)
                  2000cebc    00000288     drivers_cc32xx.a : UARTCC32XX.oem4 (.text:UARTCC32XX_open)
                  2000d144    00000268     rtsv7M4_T_le_eabi.lib : _printfi.c.obj (.text:_pconv_a)
                  2000d3ac    000001cc                           : _printfi.c.obj (.text:_pconv_g)
                  2000d578    000001cc     gpiointerrupt.obj (.text:initI2C)
                  2000d744    000001b6     rtsv7M4_T_le_eabi.lib : fd_add_t2.asm.obj (.text)
                  2000d8fa    00000002     nortos_cc32xx.a : PowerCC32XX_nortos.oem4 (.text:PowerCC32XX_initPolicy)
                  2000d8fc    0000019c                     : PowerCC32XX_nortos.oem4 (.text:PowerCC32XX_sleepPolicy)
                  2000da98    00000148     drivers_cc32xx.a : I2CCC32XX.oem4 (.text:I2CCC32XX_hwiFxn)
                  2000dbe0    00000148                      : PowerCC32XX.oem4 (.text:parkPins)
                  2000dd28    0000013c     rtsv7M4_T_le_eabi.lib : _printfi.c.obj (.text:_pconv_e)
                  2000de64    00000138     drivers_cc32xx.a : PowerCC32XX.oem4 (.text:Power_sleep)
                  2000df9c    00000136     rtsv7M4_T_le_eabi.lib : fd_div_t2.asm.obj (.text)
                  2000e0d2    00000122     drivers_cc32xx.a : I2C.oem4 (.text:I2C_transferTimeout)
                  2000e1f4    00000120                      : UARTCC32XX.oem4 (.text:UARTCC32XX_close)
                  2000e314    00000120     rtsv7M4_T_le_eabi.lib : _printfi.c.obj (.text:fcvt)
                  2000e434    00000100                           : memory.c.obj (.text:aligned_alloc)
                  2000e534    000000fc     drivers_cc32xx.a : I2CCC32XX.oem4 (.text:I2C_open)
                  2000e630    000000fc     rtsv7M4_T_le_eabi.lib : fd_mul_t2.asm.obj (.text)
                  2000e72c    000000f2     drivers_cc32xx.a : UARTCC32XX.oem4 (.text:UARTCC32XX_control)
                  2000e81e    00000002                      : UARTCC32XX.oem4 (.text:UARTCC32XX_init)
                  2000e820    000000e4     rtsv7M4_T_le_eabi.lib : memory.c.obj (.text:free)
                  2000e904    000000d0                           : s_scalbn.c.obj (.text:scalbn)
                  2000e9d4    000000ca     drivers_cc32xx.a : UARTCC32XX.oem4 (.text:UARTCC32XX_write)
                  2000ea9e    00000002     rtsv7M4_T_le_eabi.lib : _lock.c.obj (.text:_nop)
                  2000eaa0    000000c0     drivers_cc32xx.a : PowerCC32XX.oem4 (.text:restoreParkedPins)
                  2000eb60    000000ba                      : UARTCC32XX.oem4 (.text:UARTCC32XX_readPolling)
                  2000ec1a    00000002     nortos_cc32xx.a : startup_cc32xx_ccs.oem4 (.text:busFaultHandler)
                  2000ec1c    000000b8     drivers_cc32xx.a : UARTCC32XX.oem4 (.text:initHw)
                  2000ecd4    000000b6                      : UARTCC32XX.oem4 (.text:readTaskCallback)
                  2000ed8a    000000b2                      : I2CCC32XX.oem4 (.text:I2CCC32XX_completeTransfer)
                  2000ee3c    000000b1     rtsv7M4_T_le_eabi.lib : _printfi.c.obj (.text:_ltostr)
                  2000eeed    00000001     --HOLE-- [fill = 0]
                  2000eeee    000000b0     drivers_cc32xx.a : UARTCC32XX.oem4 (.text:readTaskBlocking)
                  2000ef9e    000000ae                      : UARTCC32XX.oem4 (.text:readIsrTextBlocking)
                  2000f04c    000000a8                      : I2CCC32XX.oem4 (.text:I2CCC32XX_primeWriteBurst)
                  2000f0f4    000000a8     driverlib.a : interrupt.obj (.text:IntEnable)
                  2000f19c    000000a8     gpiointerrupt.obj (.text:main)
                  2000f244    000000a2     drivers_cc32xx.a : UARTCC32XX.oem4 (.text:readIsrTextCallback)
                  2000f2e6    000000a2                      : UARTCC32XX.oem4 (.text:writeData)
                  2000f388    000000a0     nortos_cc32xx.a : SemaphoreP_nortos.oem4 (.text:SemaphoreP_pend)
                  2000f428    0000009c     drivers_cc32xx.a : I2CCC32XX.oem4 (.text:I2CCC32XX_initHw)
                  2000f4c4    0000009c     rtsv7M4_T_le_eabi.lib : memcpy_t2.asm.obj (.text)
                  2000f560    00000096                           : ull_div_t2.asm.obj (.text)
                  2000f5f6    00000002     nortos_cc32xx.a : SemaphoreP_nortos.oem4 (.text:clkFxn)
                  2000f5f8    00000090     drivers_cc32xx.a : PowerCC32XX.oem4 (.text:restoreNVICRegs)
                  2000f688    0000008c     nortos_cc32xx.a : HwiPCC32XX_nortos.oem4 (.text:HwiP_construct)
                  2000f714    00000088     driverlib.a : interrupt.obj (.text:IntPendSet)
                  2000f79c    00000088                 : pin.obj (.text:PinConfigSet)
                  2000f824    00000086     rtsv7M4_T_le_eabi.lib : fd_cmp_t2.asm.obj (.text:__aeabi_cdcmple)
                  2000f8aa    00000086                           : fd_cmp_t2.asm.obj (.text:__aeabi_cdrcmple)
                  2000f930    00000084     drivers_cc32xx.a : PowerCC32XX.oem4 (.text:saveNVICRegs)
                  2000f9b4    00000080                      : PowerCC32XX.oem4 (.text:Power_setDependency)
                  2000fa34    0000007c                      : UARTCC32XX.oem4 (.text:readIsrBinaryBlocking)
                  2000fab0    0000007a                      : I2CCC32XX.oem4 (.text:I2CCC32XX_primeReadBurst)
                  2000fb2a    0000007a     rtsv7M4_T_le_eabi.lib : memset_t2.asm.obj (.text)
                  2000fba4    00000078     drivers_cc32xx.a : UARTCC32XX.oem4 (.text:readIsrBinaryCallback)
                  2000fc1c    00000074                      : UARTCC32XX.oem4 (.text:UARTCC32XX_hwiIntFxn)
                  2000fc90    00000070     rtsv7M4_T_le_eabi.lib : memory.c.obj (.text:split)
                  2000fd00    0000006e                           : _printfi.c.obj (.text:_mcpy)
                  2000fd6e    0000006a     drivers_cc32xx.a : I2CCC32XX.oem4 (.text:I2CSupport_primeTransfer)
                  2000fdd8    00000068     rtsv7M4_T_le_eabi.lib : copy_decompress_lzss.c.obj (.text:decompress:lzss:__TI_decompress_lzss)
                  2000fe40    00000066     drivers_cc32xx.a : UARTCC32XX.oem4 (.text:UARTCC32XX_writeCancel)
                  2000fea6    00000002     nortos_cc32xx.a : startup_cc32xx_ccs.oem4 (.text:defaultHandler)
                  2000fea8    00000064     drivers_cc32xx.a : PowerCC32XX.oem4 (.text:PowerCC32XX_setParkState)
                  2000ff0c    00000062                      : UARTCC32XX.oem4 (.text:UARTCC32XX_writePolling)
                  2000ff6e    00000002     nortos_cc32xx.a : startup_cc32xx_ccs.oem4 (.text:faultISR)
                  2000ff70    00000060     drivers_cc32xx.a : GPIOCC32XX.oem4 (.text:GPIO_toggle)
                  2000ffd0    00000060     driverlib.a : prcm.obj (.text:PRCMSysResetCauseGet)
                  20010030    0000005c     rtsv7M4_T_le_eabi.lib : s_frexp.c.obj (.text:frexp)
                  2001008c    0000005c     nortos_cc32xx.a : ClockPSysTick_nortos.oem4 (.text:sysTickInit)
                  200100e8    00000058     driverlib.a : prcm.obj (.text:PRCMPeripheralReset)
                  20010140    00000058     drivers_cc32xx.a : PowerCC32XX.oem4 (.text:Power_releaseDependency)
                  20010198    00000056     rtsv7M4_T_le_eabi.lib : _printfi.c.obj (.text:_pconv_f)
                  200101ee    00000054                           : _ltoa.c.obj (.text:__TI_ltoa)
                  20010242    00000054     drivers_cc32xx.a : UARTCC32XX.oem4 (.text:ringBufGet)
                  20010296    00000052                      : PowerCC32XX_asm.oem4 (.text:PowerCC32XX_resumeLPDS)
                  200102e8    00000052     rtsv7M4_T_le_eabi.lib : _printfi.c.obj (.text:_ecpy)
                  2001033a    00000002     nortos_cc32xx.a : startup_cc32xx_ccs.oem4 (.text:nmiISR)
                  2001033c    00000050                     : ClockPSysTick_nortos.oem4 (.text:ClockP_sysTickHandler)
                  2001038c    00000050                     : SemaphoreP_nortos.oem4 (.text:SemaphoreP_construct)
                  200103dc    0000004c     drivers_cc32xx.a : I2CCC32XX.oem4 (.text:I2CCC32XX_readRecieveFifo)
                  20010428    0000004c                      : PowerCC32XX.oem4 (.text:PowerCC32XX_parkPin)
                  20010474    0000004c     rtsv7M4_T_le_eabi.lib : atoi.c.obj (.text:atoi)
                  200104c0    0000004c     drivers_cc32xx.a : PowerCC32XX.oem4 (.text:restorePeriphClocks)
                  2001050c    0000004c     rtsv7M4_T_le_eabi.lib : snprintf.c.obj (.text:snprintf)
                  20010558    00000048     driverlib.a : flash.obj (.text:FlashDisable)
                  200105a0    00000048                 : prcm.obj (.text:PRCMLPDSEnter)
                  200105e8    00000048                 : prcm.obj (.text:PRCMPeripheralClkEnable)
                  20010630    00000048     drivers_cc32xx.a : PowerCC32XX.oem4 (.text:Power_releaseConstraint)
                  20010678    00000048     gpiointerrupt.obj (.text:TickFct_TL)
                  200106c0    00000048     rtsv7M4_T_le_eabi.lib : fd_toi_t2.asm.obj (.text)
                  20010708    00000046     drivers_cc32xx.a : RingBuf.oem4 (.text:RingBuf_put)
                  2001074e    00000002     rtsv7M4_T_le_eabi.lib : div0.asm.obj (.text)
                  20010750    00000044     nortos_cc32xx.a : ClockPSysTick_nortos.oem4 (.text:ClockP_stop)
                  20010794    00000044     driverlib.a : prcm.obj (.text:PRCMLPDSRestoreInfoSet)
                  200107d8    00000044     drivers_cc32xx.a : PowerCC32XX_asm.oem4 (.text:PowerCC32XX_enterLPDS)
                  2001081c    00000044     nortos_cc32xx.a : SemaphoreP_nortos.oem4 (.text:SemaphoreP_post)
                  20010860    00000044                     : SwiP_nortos.oem4 (.text:SwiP_restore)
                  200108a4    00000044     drivers_cc32xx.a : UART.oem4 (.text:UART_init)
                  200108e8    00000044     rtsv7M4_T_le_eabi.lib : autoinit.c.obj (.text:__TI_auto_init_nobinit_nopinit:__TI_auto_init_nobinit_nopinit)
                  2001092c    00000040     nortos_cc32xx.a : ClockPSysTick_nortos.oem4 (.text:ClockP_construct)
                  2001096c    00000040     driverlib.a : pin.obj (.text:PinModeSet)
                  200109ac    00000040     drivers_cc32xx.a : RingBuf.oem4 (.text:RingBuf_get)
                  200109ec    00000040                      : UARTCC32XX.oem4 (.text:UARTCC32XX_read)
                  20010a2c    00000040                      : UART.oem4 (.text:UART_open)
                  20010a6c    0000003e     rtsv7M4_T_le_eabi.lib : _printfi.c.obj (.text:_fcpy)
                  20010aaa    00000002     --HOLE-- [fill = 0]
                  20010aac    0000003c     nortos_cc32xx.a : ClockPSysTick_nortos.oem4 (.text:ClockP_destruct)
                  20010ae8    0000003c     drivers_cc32xx.a : PowerCC32XX.oem4 (.text:Power_setConstraint)
                  20010b24    0000003c     gpiointerrupt.obj (.text:initUART)
                  20010b60    0000003a     nortos_cc32xx.a : PowerCC32XX_nortos.oem4 (.text:getCountsRTC)
                  20010b9a    00000002     --HOLE-- [fill = 0]
                  20010b9c    00000038     driverlib.a : prcm.obj (.text:PRCMLPDSEnterKeepDebugIf)
                  20010bd4    00000038     nortos_cc32xx.a : ClockPSysTick_nortos.oem4 (.text:addToList)
                  20010c0c    00000038                     : startup_cc32xx_ccs.oem4 (.text:initVectors)
                  20010c44    00000038     drivers_cc32xx.a : PowerCC32XX.oem4 (.text:notify)
                  20010c7c    00000036                      : UARTCC32XX.oem4 (.text:UARTCC32XX_readCancel)
                  20010cb2    00000002     --HOLE-- [fill = 0]
                  20010cb4    00000034     nortos_cc32xx.a : ClockPSysTick_nortos.oem4 (.text:ClockP_getTicksUntilInterrupt)
                  20010ce8    00000034                     : ClockPSysTick_nortos.oem4 (.text:ClockP_startup)
                  20010d1c    00000034     driverlib.a : pin.obj (.text:PinModeGet)
                  20010d50    00000034     drivers_cc32xx.a : PowerCC32XX.oem4 (.text:PowerCC32XX_restoreParkState)
                  20010d84    00000030     nortos_cc32xx.a : ClockPSysTick_nortos.oem4 (.text:ClockP_start)
                  20010db4    00000030     drivers_cc32xx.a : PowerCC32XX.oem4 (.text:PowerCC32XX_restoreParkedPin)
                  20010de4    00000030     rtsv7M4_T_le_eabi.lib : snprintf.c.obj (.text:_outs)
                  20010e14    0000002e                           : i_tofd_t2.asm.obj (.text)
                  20010e42    00000002     --HOLE-- [fill = 0]
                  20010e44    0000002c     drivers_cc32xx.a : PowerCC32XX.oem4 (.text:PowerCC32XX_getParkState)
                  20010e70    0000002a     nortos_cc32xx.a : HwiPCC32XX_nortos.oem4 (.text:HwiP_create)
                  20010e9a    00000028     driverlib.a : i2c.obj (.text:I2CFIFODataPutNonBlocking)
                  20010ec2    00000002     --HOLE-- [fill = 0]
                  20010ec4    00000028                 : prcm.obj (.text:PRCMPeripheralClkDisable)
                  20010eec    00000028     drivers_cc32xx.a : PowerCC32XX.oem4 (.text:Power_registerNotify)
                  20010f14    00000028     gpiointerrupt.obj (.text:TickFct_BT)
                  20010f3c    00000028     rtsv7M4_T_le_eabi.lib : memory.c.obj (.text:free_list_insert)
                  20010f64    00000026     driverlib.a : i2c.obj (.text:I2CFIFODataGetNonBlocking)
                  20010f8a    00000026     drivers_cc32xx.a : I2C.oem4 (.text:I2C_cancel)
                  20010fb0    00000026                      : List.oem4 (.text:List_put)
                  20010fd6    00000026                      : List.oem4 (.text:List_remove)
                  20010ffc    00000024     nortos_cc32xx.a : HwiPCC32XX_nortos.oem4 (.text:HwiP_dispatch)
                  20011020    00000024     drivers_cc32xx.a : PowerCC32XX.oem4 (.text:PowerCC32XX_reset)
                  20011044    00000024     rtsv7M4_T_le_eabi.lib : boot_cortex_m.c.obj (.text:_c_int00_noargs:_c_int00_noargs)
                  20011068    00000022     driverlib.a : i2c.obj (.text:I2CMasterSlaveAddrSet)
                  2001108a    00000020     nortos_cc32xx.a : HwiPCC32XX_nortos.oem4 (.text:HwiP_destruct)
                  200110aa    00000002     --HOLE-- [fill = 0]
                  200110ac    00000020     drivers_cc32xx.a : PowerCC32XX.oem4 (.text:Power_unregisterNotify)
                  200110cc    00000020                      : RingBuf.oem4 (.text:RingBuf_peek)
                  200110ec    00000020                      : UARTCC32XX.oem4 (.text:getPowerMgrId)
                  2001110c    0000001e     driverlib.a : i2c.obj (.text:I2CMasterIntStatusEx)
                  2001112a    0000001e     nortos_cc32xx.a : SemaphoreP_nortos.oem4 (.text:SemaphoreP_constructBinary)
                  20011148    0000001c     driverlib.a : pin.obj (.text:PinToPadGet)
                  20011164    0000001c     nortos_cc32xx.a : SwiP_nortos.oem4 (.text:SwiP_disable)
                  20011180    0000001c     rtsv7M4_T_le_eabi.lib : memory.c.obj (.text:free_list_remove)
                  2001119c    0000001c                           : memccpy.c.obj (.text:memccpy)
                  200111b8    0000001a     nortos_cc32xx.a : ClockPSysTick_nortos.oem4 (.text:ClockP_create)
                  200111d2    00000002     --HOLE-- [fill = 0]
                  200111d4    0000001a                     : startup_cc32xx_ccs.oem4 (.text:resetISR)
                  200111ee    00000018     driverlib.a : i2c.obj (.text:I2CMasterBusBusy)
                  20011206    00000018                 : i2c.obj (.text:I2CMasterIntDisableEx)
                  2001121e    00000018                 : i2c.obj (.text:I2CMasterIntEnableEx)
                  20011236    00000018                 : i2c.obj (.text:I2CRxFIFOFlush)
                  2001124e    00000018                 : i2c.obj (.text:I2CTxFIFOFlush)
                  20011266    00000002     --HOLE-- [fill = 0]
                  20011268    00000018     drivers_cc32xx.a : PowerCC32XX.oem4 (.text:Power_getTransitionLatency)
                  20011280    00000018                      : PowerCC32XX.oem4 (.text:Power_idleFunc)
                  20011298    00000018     driverlib.a : uart.obj (.text:UARTBusy)
                  200112b0    00000018                 : uart.obj (.text:UARTIntEnable)
                  200112c8    00000018     drivers_cc32xx.a : UART.oem4 (.text:UART_Params_init)
                  200112e0    00000018     rtsv7M4_T_le_eabi.lib : snprintf.c.obj (.text:_outc)
                  200112f8    00000018                           : ll_mul_t2.asm.obj (.text)
                  20011310    00000016     driverlib.a : i2c.obj (.text:I2CMasterBurstLengthSet)
                  20011326    00000016                 : prcm.obj (.text:PRCMHIBRegRead)
                  2001133c    00000016                 : prcm.obj (.text:PRCMHIBRegWrite)
                  20011352    00000016     nortos_cc32xx.a : SemaphoreP_nortos.oem4 (.text:SemaphoreP_create)
                  20011368    00000016     rtsv7M4_T_le_eabi.lib : strchr.c.obj (.text:strchr)
                  2001137e    00000014     driverlib.a : cpu.obj (.text:CPUcpsid)
                  20011392    00000002     --HOLE-- [fill = 0]
                  20011394    00000014     nortos_cc32xx.a : HwiPCC32XX_nortos.oem4 (.text:HwiP_inISR)
                  200113a8    00000014     drivers_cc32xx.a : I2CCC32XX.oem4 (.text:I2CSupport_masterFinish)
                  200113bc    00000014                      : I2C.oem4 (.text:I2C_transfer)
                  200113d0    00000014     driverlib.a : interrupt.obj (.text:IntVTableBaseSet)
                  200113e4    00000014     drivers_cc32xx.a : PowerCC32XX.oem4 (.text:Power_disablePolicy)
                  200113f8    00000014                      : PowerCC32XX.oem4 (.text:Power_getDependencyCount)
                  2001140c    00000014                      : UARTCC32XX.oem4 (.text:releasePowerConstraint)
                  20011420    00000014     rtsv7M4_T_le_eabi.lib : strlen.c.obj (.text:strlen)
                  20011434    00000012     nortos_cc32xx.a : HwiPCC32XX_nortos.oem4 (.text:HwiP_Params_init)
                  20011446    00000012     driverlib.a : i2c.obj (.text:I2CMasterIntClearEx)
                  20011458    00000012     drivers_cc32xx.a : RingBuf.oem4 (.text:RingBuf_construct)
                  2001146a    00000012     rtsv7M4_T_le_eabi.lib : wcslen.c.obj (.text:wcslen)
                  2001147c    00000010     nortos_cc32xx.a : ClockPSysTick_nortos.oem4 (.text:ClockP_add)
                  2001148c    00000010                     : ClockPSysTick_nortos.oem4 (.text:ClockP_delete)
                  2001149c    00000010                     : ClockPSysTick_nortos.oem4 (.text:ClockP_getCpuFreq)
                  200114ac    00000010                     : ClockPSysTick_nortos.oem4 (.text:ClockP_getSystemTicks)
                  200114bc    00000010                     : ClockPSysTick_nortos.oem4 (.text:ClockP_setTicks)
                  200114cc    00000010                     : HwiPCC32XX_nortos.oem4 (.text:HwiP_delete)
                  200114dc    00000010                     : HwiPCC32XX_nortos.oem4 (.text:HwiP_restore)
                  200114ec    00000010     driverlib.a : i2c.obj (.text:I2CFIFOStatus)
                  200114fc    00000010     drivers_cc32xx.a : I2C.oem4 (.text:I2C_Params_init)
                  2001150c    00000010                      : PowerCC32XX.oem4 (.text:Power_enablePolicy)
                  2001151c    00000010     nortos_cc32xx.a : SemaphoreP_nortos.oem4 (.text:SemaphoreP_Params_init)
                  2001152c    00000010     drivers_cc32xx.a : UARTCC32XX.oem4 (.text:readBlockingTimeout)
                  2001153c    0000000e     nortos_cc32xx.a : HwiPCC32XX_nortos.oem4 (.text:HwiP_clearInterrupt)
                  2001154a    0000000e                     : HwiPCC32XX_nortos.oem4 (.text:HwiP_disable)
                  20011558    0000000e                     : HwiPCC32XX_nortos.oem4 (.text:HwiP_disableInterrupt)
                  20011566    0000000e                     : HwiPCC32XX_nortos.oem4 (.text:HwiP_enableInterrupt)
                  20011574    0000000e     drivers_cc32xx.a : I2CCC32XX.oem4 (.text:I2CCC32XX_updateReg)
                  20011582    0000000e                      : RingBuf.oem4 (.text:RingBuf_isFull)
                  20011590    0000000e     rtsv7M4_T_le_eabi.lib : copy_decompress_none.c.obj (.text:decompress:none:__TI_decompress_none)
                  2001159e    0000000c     drivers_cc32xx.a : I2CCC32XX.oem4 (.text:I2CCC32XX_postNotify)
                  200115aa    00000002     --HOLE-- [fill = 0]
                  200115ac    0000000c                      : PowerCC32XX.oem4 (.text:Power_getConstraintMask)
                  200115b8    0000000c     rtsv7M4_T_le_eabi.lib : s_copysign.c.obj (.text:copysign)
                  200115c4    0000000c                           : copy_zero_init.c.obj (.text:decompress:ZI:__TI_zero_init)
                  200115d0    0000000c     drivers_cc32xx.a : UARTCC32XX.oem4 (.text:postNotifyFxn)
                  200115dc    0000000a     nortos_cc32xx.a : ClockPSysTick_nortos.oem4 (.text:ClockP_Params_init)
                  200115e6    0000000a                     : ClockPSysTick_nortos.oem4 (.text:ClockP_isActive)
                  200115f0    0000000a     driverlib.a : interrupt.obj (.text:IntMasterDisable)
                  200115fa    0000000a     drivers_cc32xx.a : UART.oem4 (.text:UART_write)
                  20011604    00000008                      : I2CCC32XX.oem4 (.text:I2CCC32XX_blockingCallback)
                  2001160c    00000008     rtsv7M4_T_le_eabi.lib : errno.c.obj (.text:__aeabi_errno_addr)
                  20011614    00000008                           : memory.c.obj (.text:malloc)
                  2001161c    00000008     drivers_cc32xx.a : UARTCC32XX.oem4 (.text:readSemCallback)
                  20011624    00000008                      : UARTCC32XX.oem4 (.text:writeSemCallback)
                  2001162c    00000006                      : I2CCC32XX.oem4 (.text:I2CSupport_powerRelConstraint)
                  20011632    00000006                      : I2CCC32XX.oem4 (.text:I2CSupport_powerSetConstraint)
                  20011638    00000006     driverlib.a : utils.obj (.text:UtilsDelay)
                  2001163e    00000004     nortos_cc32xx.a : ClockPSysTick_nortos.oem4 (.text:ClockP_setTimeout)
                  20011642    00000004                     : HwiPCC32XX_nortos.oem4 (.text:HwiP_post)
                  20011646    00000004                     : SemaphoreP_nortos.oem4 (.text:SemaphoreP_delete)
                  2001164a    00000004     rtsv7M4_T_le_eabi.lib : pre_init.c.obj (.text:_system_pre_init)
                  2001164e    00000004                           : exit.c.obj (.text:abort:abort)

.const     0    20011cf4    00000494     
                  20011cf4    00000101     rtsv7M4_T_le_eabi.lib : ctype.c.obj (.const:.string:_ctypes_)
                  20011df5    00000003     --HOLE-- [fill = 0]
                  20011df8    00000100     driverlib.a : pin.obj (.const:g_ulPinToPadMap)
                  20011ef8    000000a8                 : prcm.obj (.const:PRCM_PeriphRegsList)
                  20011fa0    00000044     ti_drivers_config.obj (.const:PowerCC32XX_config)
                  20011fe4    00000028     drivers_cc32xx.a : UARTCC32XX.oem4 (.const:UARTCC32XX_fxnTable)
                  2001200c    00000028                      : GPIOCC32XX.oem4 (.const:portConfigs)
                  20012034    00000024                      : UART.oem4 (.const:UART_defaultParams)
                  20012058    00000024     ti_drivers_config.obj (.const:uartCC32XXHWAttrs0)
                  2001207c    00000020     gpiointerrupt.obj (.const:$O2$$)
                  2001209c    00000020     drivers_cc32xx.a : UARTCC32XX.oem4 (.const:staticFxnTable)
                  200120bc    00000018     driverlib.a : interrupt.obj (.const:g_pulEnRegs)
                  200120d4    00000018                 : interrupt.obj (.const:g_pulPendRegs)
                  200120ec    00000014     ti_drivers_config.obj (.const:i2cCC32XXHWAttrs)
                  20012100    00000014     drivers_cc32xx.a : UARTCC32XX.oem4 (.const:parityType)
                  20012114    00000010     ti_drivers_config.obj (.const:GPIO_config)
                  20012124    00000010     drivers_cc32xx.a : I2C.oem4 (.const:I2C_defaultParams)
                  20012134    00000010                      : I2CCC32XX.oem4 (.const:I2C_defaultParams)
                  20012144    00000010                      : UARTCC32XX.oem4 (.const:dataLength)
                  20012154    0000000c     gpiointerrupt.obj (.const:.string)
                  20012160    0000000c     ti_drivers_config.obj (.const:UART_config)
                  2001216c    0000000b     ti_drivers_config.obj (.const)
                  20012177    00000001     --HOLE-- [fill = 0]
                  20012178    00000008     ti_drivers_config.obj (.const:I2C_config)
                  20012180    00000008     drivers_cc32xx.a : UARTCC32XX.oem4 (.const:stopBits)

.cinit     0    20012580    000000f0     
                  20012580    000000c6     (.cinit..data.load) [load image, compression = lzss]
                  20012646    00000002     --HOLE-- [fill = 0]
                  20012648    0000000c     (__TI_handler_table)
                  20012654    00000004     --HOLE-- [fill = 0]
                  20012658    00000008     (.cinit..bss.load) [load image, compression = zero_init]
                  20012660    00000010     (__TI_cinit_table)

.init_array 
*          0    20004000    00000000     UNINITIALIZED

.ramVecs   0    20000000    0000030c     NOLOAD SECTION
                  20000000    0000030c     nortos_cc32xx.a : startup_cc32xx_ccs.oem4 (.ramVecs)

.stack     0    20003000    00001000     UNINITIALIZED
                  20003000    00000004     rtsv7M4_T_le_eabi.lib : boot_cortex_m.c.obj (.stack)
                  20003004    00000ffc     --HOLE--

.resetVecs 
*          0    20004000    00000040     
                  20004000    00000040     nortos_cc32xx.a : startup_cc32xx_ccs.oem4 (.resetVecs:retain)

.sysmem    0    20004040    00008000     UNINITIALIZED
                  20004040    00000010     rtsv7M4_T_le_eabi.lib : memory.c.obj (.sysmem)
                  20004050    00007ff0     --HOLE--

.data      0    20011654    0000069e     UNINITIALIZED
                  20011654    0000030c     nortos_cc32xx.a : HwiPCC32XX_nortos.oem4 (.data:HwiP_dispatchTable)
                  20011960    0000016c     drivers_cc32xx.a : PowerCC32XX.oem4 (.data:PowerCC32XX_module)
                  20011acc    000000f8     ti_drivers_config.obj (.data:parkInfo)
                  20011bc4    00000084     ti_drivers_config.obj (.data:gpioPinConfigs)
                  20011c48    0000007c     gpiointerrupt.obj (.data:$O1$$)
                  20011cc4    00000008     rtsv7M4_T_le_eabi.lib : _lock.c.obj (.data:$O1$$)
                  20011ccc    00000008                           : memory.c.obj (.data:$O1$$)
                  20011cd4    00000008     nortos_cc32xx.a : SemaphoreP_nortos.oem4 (.data:SemaphoreP_defaultParams)
                  20011cdc    00000008                     : HwiPCC32XX_nortos.oem4 (.data)
                  20011ce4    00000005                     : ClockPSysTick_nortos.oem4 (.data)
                  20011ce9    00000003                     : SemaphoreP_nortos.oem4 (.data)
                  20011cec    00000004     rtsv7M4_T_le_eabi.lib : errno.c.obj (.data)
                  20011cf0    00000001     drivers_cc32xx.a : UART.oem4 (.data)
                  20011cf1    00000001     gpiointerrupt.obj (.data)

.bss       0    20012188    000003f5     UNINITIALIZED
                  20012188    0000012c     (.common:PowerCC32XX_contextSave)
                  200122b4    000000fc     (.common:i2cCC32XXObjects)
                  200123b0    00000084     (.common:gpioCallbackFunctions)
                  20012434    00000084     (.common:gpioUserArgs)
                  200124b8    00000084     (.common:uartCC32XXObjects0)
                  2001253c    00000020     ti_drivers_config.obj (.bss:uartCC32XXRingBuffer0)
                  2001255c    00000004     nortos_cc32xx.a : ClockPSysTick_nortos.oem4 (.bss)
                  20012560    00000010     (.common:ClockP_ctrl)
                  20012570    0000000d                     : SwiP_nortos.oem4 (.bss)

.log_data 
*          0    90000000    00000000     COPY SECTION

__llvm_prf_cnts 
*          0    20004000    00000000     UNINITIALIZED

MODULE SUMMARY

       Module                       code    ro data   rw data
       ------                       ----    -------   -------
    .\
       gpiointerrupt.obj            800     44        125    
    +--+----------------------------+-------+---------+---------+
       Total:                       800     44        125    
                                                             
    .\syscfg\
       ti_drivers_config.obj        0       171       1060   
    +--+----------------------------+-------+---------+---------+
       Total:                       0       171       1060   
                                                             
    C:/ti/simplelink_cc32xx_sdk_5_30_00_08/kernel/nortos/lib/ccs/m4/nortos_cc32xx.a
       HwiPCC32XX_nortos.oem4       380     0         788    
       startup_cc32xx_ccs.oem4      90      64        780    
       ClockPSysTick_nortos.oem4    702     0         25     
       PowerCC32XX_nortos.oem4      472     0         0      
       SemaphoreP_nortos.oem4       382     0         11     
       SwiP_nortos.oem4             96      0         13     
    +--+----------------------------+-------+---------+---------+
       Total:                       2122    64        1617   
                                                             
    C:/ti/simplelink_cc32xx_sdk_5_30_00_08/source/ti/devices/cc32xx/driverlib/ccs/Release/driverlib.a
       prcm.obj                     1604    168       0      
       pin.obj                      280     256       0      
       interrupt.obj                334     48        0      
       i2c.obj                      318     0         0      
       flash.obj                    72      0         0      
       uart.obj                     48      0         0      
       cpu.obj                      20      0         0      
       utils.obj                    6       0         0      
    +--+----------------------------+-------+---------+---------+
       Total:                       2682    472       0      
                                                             
    C:/ti/simplelink_cc32xx_sdk_5_30_00_08/source/ti/drivers/lib/ccs/m4/drivers_cc32xx.a
       UARTCC32XX.oem4              3466    116       0      
       PowerCC32XX.oem4             2132    0         664    
       I2CCC32XX.oem4               1452    16        0      
       I2C.oem4                     366     16        0      
       UART.oem4                    166     36        1      
       RingBuf.oem4                 198     0         0      
       PowerCC32XX_asm.oem4         150     0         0      
       GPIOCC32XX.oem4              96      40        0      
       List.oem4                    76      0         0      
    +--+----------------------------+-------+---------+---------+
       Total:                       8102    224       665    
                                                             
    C:\ti\ccs1040\ccs\tools\compiler\ti-cgt-arm_20.2.5.LTS\lib\rtsv7M4_T_le_eabi.lib
       _printfi.c.obj               4835    0         0      
       memory.c.obj                 672     0         8      
       fd_add_t2.asm.obj            438     0         0      
       fd_div_t2.asm.obj            310     0         0      
       fd_cmp_t2.asm.obj            268     0         0      
       ctype.c.obj                  0       257       0      
       fd_mul_t2.asm.obj            252     0         0      
       s_scalbn.c.obj               208     0         0      
       memcpy_t2.asm.obj            156     0         0      
       ull_div_t2.asm.obj           150     0         0      
       snprintf.c.obj               148     0         0      
       memset_t2.asm.obj            122     0         0      
       copy_decompress_lzss.c.obj   104     0         0      
       s_frexp.c.obj                92      0         0      
       _ltoa.c.obj                  84      0         0      
       atoi.c.obj                   76      0         0      
       fd_toi_t2.asm.obj            72      0         0      
       autoinit.c.obj               68      0         0      
       i_tofd_t2.asm.obj            46      0         0      
       boot_cortex_m.c.obj          36      0         0      
       memccpy.c.obj                28      0         0      
       ll_mul_t2.asm.obj            24      0         0      
       strchr.c.obj                 22      0         0      
       strlen.c.obj                 20      0         0      
       wcslen.c.obj                 18      0         0      
       copy_decompress_none.c.obj   14      0         0      
       copy_zero_init.c.obj         12      0         0      
       errno.c.obj                  8       0         4      
       s_copysign.c.obj             12      0         0      
       _lock.c.obj                  2       0         8      
       exit.c.obj                   4       0         0      
       pre_init.c.obj               4       0         0      
       div0.asm.obj                 2       0         0      
    +--+----------------------------+-------+---------+---------+
       Total:                       8307    257       20     
                                                             
       Heap:                        0       0         32768  
       Stack:                       0       0         4096   
       Linker Generated:            0       234       0      
    +--+----------------------------+-------+---------+---------+
       Grand Total:                 22013   1466      40351  


LINKER GENERATED COPY TABLES

__TI_cinit_table @ 20012660 records: 2, size/record: 8, table size: 16
	.data: load addr=20012580, load size=000000c6 bytes, run addr=20011654, run size=0000069e bytes, compression=lzss
	.bss: load addr=20012658, load size=00000008 bytes, run addr=20012188, run size=000003f5 bytes, compression=zero_init


LINKER GENERATED HANDLER TABLE

__TI_handler_table @ 20012648 records: 3, size/record: 4, table size: 12
	index: 0, handler: __TI_decompress_lzss
	index: 1, handler: __TI_decompress_none
	index: 2, handler: __TI_zero_init


GLOBAL SYMBOLS: SORTED ALPHABETICALLY BY Name 

address   name                          
-------   ----                          
20011c49  BT_state                      
2001164f  C$$EXIT                       
2001216e  CONFIG_GPIO_BUTTON_0_CONST    
2001216f  CONFIG_GPIO_BUTTON_1_CONST    
20012170  CONFIG_GPIO_LED_0_CONST       
20012171  CONFIG_I2C_0_CONST            
20012173  CONFIG_TIMER_0_CONST          
20012175  CONFIG_UART_0_CONST           
2001137f  CPUcpsid                      
200115dd  ClockP_Params_init            
2001147d  ClockP_add                    
2001092d  ClockP_construct              
200111b9  ClockP_create                 
20012560  ClockP_ctrl                   
2001148d  ClockP_delete                 
20010aad  ClockP_destruct               
2001033d  ClockP_doTick                 
2001149d  ClockP_getCpuFreq             
200114ad  ClockP_getSystemTicks         
20010cb5  ClockP_getTicksUntilInterrupt 
200115e7  ClockP_isActive               
200114bd  ClockP_setTicks               
2001163f  ClockP_setTimeout             
20010d85  ClockP_start                  
20010ce9  ClockP_startup                
20010751  ClockP_stop                   
2001033d  ClockP_sysTickHandler         
20011ce4  ClockP_tickPeriod             
20010559  FlashDisable                  
20012114  GPIO_config                   
2001216c  GPIO_pinLowerBound            
2001216d  GPIO_pinUpperBound            
2000ff71  GPIO_toggle                   
20011435  HwiP_Params_init              
2001153d  HwiP_clearInterrupt           
2000f689  HwiP_construct                
20010e71  HwiP_create                   
200114cd  HwiP_delete                   
2001108b  HwiP_destruct                 
2001154b  HwiP_disable                  
20011559  HwiP_disableInterrupt         
20010ffd  HwiP_dispatch                 
20011567  HwiP_enableInterrupt          
20011395  HwiP_inISR                    
20011cdc  HwiP_key                      
20011643  HwiP_post                     
200114dd  HwiP_restore                  
20011ce0  HwiP_swiPIntNum               
20010f65  I2CFIFODataGetNonBlocking     
20010e9b  I2CFIFODataPutNonBlocking     
200114ed  I2CFIFOStatus                 
20011311  I2CMasterBurstLengthSet       
200111ef  I2CMasterBusBusy              
20011447  I2CMasterIntClearEx           
20011207  I2CMasterIntDisableEx         
2001121f  I2CMasterIntEnableEx          
2001110d  I2CMasterIntStatusEx          
20011069  I2CMasterSlaveAddrSet         
20011237  I2CRxFIFOFlush                
200113a9  I2CSupport_masterFinish       
2001162d  I2CSupport_powerRelConstraint 
20011633  I2CSupport_powerSetConstraint 
2000fd6f  I2CSupport_primeTransfer      
2001124f  I2CTxFIFOFlush                
200114fd  I2C_Params_init               
20010f8b  I2C_cancel                    
20012178  I2C_config                    
20012172  I2C_count                     
20012124  I2C_defaultParams             
2000ca8f  I2C_init                      
2000e535  I2C_open                      
200113bd  I2C_transfer                  
2000e0d3  I2C_transferTimeout           
UNDEFED   ITM_flush                     
UNDEFED   ITM_restore                   
2000f0f5  IntEnable                     
200115f1  IntMasterDisable              
2000f715  IntPendSet                    
200113d1  IntVTableBaseSet              
20010fb1  List_put                      
20010fd7  List_remove                   
2000ca91  PRCMCC3200MCUInit             
20011327  PRCMHIBRegRead                
2001133d  PRCMHIBRegWrite               
200105a1  PRCMLPDSEnter                 
20010b9d  PRCMLPDSEnterKeepDebugIf      
20010795  PRCMLPDSRestoreInfoSet        
20010ec5  PRCMPeripheralClkDisable      
200105e9  PRCMPeripheralClkEnable       
200100e9  PRCMPeripheralReset           
2000ffd1  PRCMSysResetCauseGet          
2000f79d  PinConfigSet                  
20010d1d  PinModeGet                    
2001096d  PinModeSet                    
20011149  PinToPadGet                   
20011fa0  PowerCC32XX_config            
20012188  PowerCC32XX_contextSave       
200107d9  PowerCC32XX_enterLPDS         
20010e45  PowerCC32XX_getParkState      
2000d8fb  PowerCC32XX_initPolicy        
20011960  PowerCC32XX_module            
20010429  PowerCC32XX_parkPin           
20011021  PowerCC32XX_reset             
20010d51  PowerCC32XX_restoreParkState  
20010db5  PowerCC32XX_restoreParkedPin  
20010297  PowerCC32XX_resumeLPDS        
2000fea9  PowerCC32XX_setParkState      
2000d8fd  PowerCC32XX_sleepPolicy       
200113e5  Power_disablePolicy           
2001150d  Power_enablePolicy            
200115ad  Power_getConstraintMask       
200113f9  Power_getDependencyCount      
20011269  Power_getTransitionLatency    
20011281  Power_idleFunc                
20010eed  Power_registerNotify          
20010631  Power_releaseConstraint       
20010141  Power_releaseDependency       
20010ae9  Power_setConstraint           
2000f9b5  Power_setDependency           
2000de65  Power_sleep                   
200110ad  Power_unregisterNotify        
20011459  RingBuf_construct             
200109ad  RingBuf_get                   
20011583  RingBuf_isFull                
200110cd  RingBuf_peek                  
20010709  RingBuf_put                   
2001151d  SemaphoreP_Params_init        
2001038d  SemaphoreP_construct          
2001112b  SemaphoreP_constructBinary    
20011353  SemaphoreP_create             
20011cd4  SemaphoreP_defaultParams      
20011647  SemaphoreP_delete             
2000f389  SemaphoreP_pend               
2001081d  SemaphoreP_post               
20011165  SwiP_disable                  
20010861  SwiP_restore                  
20011c4a  TL_state                      
20010f15  TickFct_BT                    
20010679  TickFct_TL                    
20011cf1  TimerFlag                     
UNDEFED   TimerOn                       
UNDEFED   TimerSet                      
20012174  Timer_count                   
20011299  UARTBusy                      
2000e1f5  UARTCC32XX_close              
2000e72d  UARTCC32XX_control            
20011fe4  UARTCC32XX_fxnTable           
2000e81f  UARTCC32XX_init               
2000cebd  UARTCC32XX_open               
200109ed  UARTCC32XX_read               
20010c7d  UARTCC32XX_readCancel         
2000eb61  UARTCC32XX_readPolling        
2000e9d5  UARTCC32XX_write              
2000fe41  UARTCC32XX_writeCancel        
2000ff0d  UARTCC32XX_writePolling       
200112b1  UARTIntEnable                 
200112c9  UART_Params_init              
20012160  UART_config                   
20012176  UART_count                    
20012034  UART_defaultParams            
200108a5  UART_init                     
20010a2d  UART_open                     
200115fb  UART_write                    
20011639  UtilsDelay                    
20004000  __STACK_END                   
00001000  __STACK_SIZE                  
00008000  __SYSMEM_SIZE                 
20012660  __TI_CINIT_Base               
20012670  __TI_CINIT_Limit              
20012648  __TI_Handler_Table_Base       
20012654  __TI_Handler_Table_Limit      
200108e9  __TI_auto_init_nobinit_nopinit
2000fdd9  __TI_decompress_lzss          
20011591  __TI_decompress_none          
200101ef  __TI_ltoa                     
ffffffff  __TI_pprof_out_hndl           
2000c041  __TI_printfi                  
ffffffff  __TI_prof_data_size           
ffffffff  __TI_prof_data_start          
20012580  __TI_static_base__            
200115c5  __TI_zero_init                
2000f825  __aeabi_cdcmpeq               
2000f825  __aeabi_cdcmple               
2000f8ab  __aeabi_cdrcmple              
200106c1  __aeabi_d2iz                  
2000d74f  __aeabi_dadd                  
2000df9d  __aeabi_ddiv                  
2000e631  __aeabi_dmul                  
2000d745  __aeabi_dsub                  
2001160d  __aeabi_errno_addr            
20010e15  __aeabi_i2d                   
2001074f  __aeabi_idiv0                 
2001074f  __aeabi_ldiv0                 
200112f9  __aeabi_lmul                  
2000fb2b  __aeabi_memclr                
2000fb2b  __aeabi_memclr4               
2000fb2b  __aeabi_memclr8               
2000f4c5  __aeabi_memcpy                
2000f4c5  __aeabi_memcpy4               
2000f4c5  __aeabi_memcpy8               
2000fb2d  __aeabi_memset                
2000fb2d  __aeabi_memset4               
2000fb2d  __aeabi_memset8               
2000f561  __aeabi_uldivmod              
ffffffff  __binit__                     
ffffffff  __c_args__                    
UNDEFED   __mpu_init                    
20003000  __stack                       
20004000  __start___llvm_prf_cnts       
20004000  __stop___llvm_prf_cnts        
20011045  _c_int00_noargs               
20011cf4  _ctypes_                      
20011cc4  _lock                         
2000ea9f  _nop                          
20004040  _sys_memory                   
UNDEFED   _system_post_cinit            
2001164b  _system_pre_init              
20011cc8  _unlock                       
2001164f  abort                         
2000e435  aligned_alloc                 
20010475  atoi                          
ffffffff  binit                         
2000f5f7  clkFxn                        
200115b9  copysign                      
200115b9  copysignl                     
20011cec  errno                         
2000e821  free                          
20010031  frexp                         
20010031  frexpl                        
200123b0  gpioCallbackFunctions         
20011bc4  gpioPinConfigs                
20012434  gpioUserArgs                  
20011c4d  heat                          
20011c54  i2c                           
200120ec  i2cCC32XXHWAttrs              
200122b4  i2cCC32XXObjects              
20011c64  i2cTransaction                
2000d579  initI2C                       
20010b25  initUART                      
20010c0d  initVectors                   
2000e905  ldexp                         
2000e905  ldexpl                        
2000f19d  main                          
20011615  malloc                        
2000e435  memalign                      
2001119d  memccpy                       
2000f4c5  memcpy                        
2000fb33  memset                        
20011c84  output                        
20011acc  parkInfo                      
200111d5  resetISR                      
200111e8  resetVectorAddr               
20004000  resetVectors                  
20011c4b  rxBuffer                      
2000e905  scalbn                        
2000e905  scalbnl                       
20011c60  seconds                       
20011c5c  setpoint                      
2001050d  snprintf                      
20011369  strchr                        
20011421  strlen                        
20011c58  temperature                   
20011c48  txBuffer                      
20011c50  uart                          
200124b8  uartCC32XXObjects0            
2001146b  wcslen                        


GLOBAL SYMBOLS: SORTED BY Symbol Address 

address   name                          
-------   ----                          
00001000  __STACK_SIZE                  
00008000  __SYSMEM_SIZE                 
20003000  __stack                       
20004000  __STACK_END                   
20004000  __start___llvm_prf_cnts       
20004000  __stop___llvm_prf_cnts        
20004000  resetVectors                  
20004040  _sys_memory                   
2000c041  __TI_printfi                  
2000ca8f  I2C_init                      
2000ca91  PRCMCC3200MCUInit             
2000cebd  UARTCC32XX_open               
2000d579  initI2C                       
2000d745  __aeabi_dsub                  
2000d74f  __aeabi_dadd                  
2000d8fb  PowerCC32XX_initPolicy        
2000d8fd  PowerCC32XX_sleepPolicy       
2000de65  Power_sleep                   
2000df9d  __aeabi_ddiv                  
2000e0d3  I2C_transferTimeout           
2000e1f5  UARTCC32XX_close              
2000e435  aligned_alloc                 
2000e435  memalign                      
2000e535  I2C_open                      
2000e631  __aeabi_dmul                  
2000e72d  UARTCC32XX_control            
2000e81f  UARTCC32XX_init               
2000e821  free                          
2000e905  ldexp                         
2000e905  ldexpl                        
2000e905  scalbn                        
2000e905  scalbnl                       
2000e9d5  UARTCC32XX_write              
2000ea9f  _nop                          
2000eb61  UARTCC32XX_readPolling        
2000f0f5  IntEnable                     
2000f19d  main                          
2000f389  SemaphoreP_pend               
2000f4c5  __aeabi_memcpy                
2000f4c5  __aeabi_memcpy4               
2000f4c5  __aeabi_memcpy8               
2000f4c5  memcpy                        
2000f561  __aeabi_uldivmod              
2000f5f7  clkFxn                        
2000f689  HwiP_construct                
2000f715  IntPendSet                    
2000f79d  PinConfigSet                  
2000f825  __aeabi_cdcmpeq               
2000f825  __aeabi_cdcmple               
2000f8ab  __aeabi_cdrcmple              
2000f9b5  Power_setDependency           
2000fb2b  __aeabi_memclr                
2000fb2b  __aeabi_memclr4               
2000fb2b  __aeabi_memclr8               
2000fb2d  __aeabi_memset                
2000fb2d  __aeabi_memset4               
2000fb2d  __aeabi_memset8               
2000fb33  memset                        
2000fd6f  I2CSupport_primeTransfer      
2000fdd9  __TI_decompress_lzss          
2000fe41  UARTCC32XX_writeCancel        
2000fea9  PowerCC32XX_setParkState      
2000ff0d  UARTCC32XX_writePolling       
2000ff71  GPIO_toggle                   
2000ffd1  PRCMSysResetCauseGet          
20010031  frexp                         
20010031  frexpl                        
200100e9  PRCMPeripheralReset           
20010141  Power_releaseDependency       
200101ef  __TI_ltoa                     
20010297  PowerCC32XX_resumeLPDS        
2001033d  ClockP_doTick                 
2001033d  ClockP_sysTickHandler         
2001038d  SemaphoreP_construct          
20010429  PowerCC32XX_parkPin           
20010475  atoi                          
2001050d  snprintf                      
20010559  FlashDisable                  
200105a1  PRCMLPDSEnter                 
200105e9  PRCMPeripheralClkEnable       
20010631  Power_releaseConstraint       
20010679  TickFct_TL                    
200106c1  __aeabi_d2iz                  
20010709  RingBuf_put                   
2001074f  __aeabi_idiv0                 
2001074f  __aeabi_ldiv0                 
20010751  ClockP_stop                   
20010795  PRCMLPDSRestoreInfoSet        
200107d9  PowerCC32XX_enterLPDS         
2001081d  SemaphoreP_post               
20010861  SwiP_restore                  
200108a5  UART_init                     
200108e9  __TI_auto_init_nobinit_nopinit
2001092d  ClockP_construct              
2001096d  PinModeSet                    
200109ad  RingBuf_get                   
200109ed  UARTCC32XX_read               
20010a2d  UART_open                     
20010aad  ClockP_destruct               
20010ae9  Power_setConstraint           
20010b25  initUART                      
20010b9d  PRCMLPDSEnterKeepDebugIf      
20010c0d  initVectors                   
20010c7d  UARTCC32XX_readCancel         
20010cb5  ClockP_getTicksUntilInterrupt 
20010ce9  ClockP_startup                
20010d1d  PinModeGet                    
20010d51  PowerCC32XX_restoreParkState  
20010d85  ClockP_start                  
20010db5  PowerCC32XX_restoreParkedPin  
20010e15  __aeabi_i2d                   
20010e45  PowerCC32XX_getParkState      
20010e71  HwiP_create                   
20010e9b  I2CFIFODataPutNonBlocking     
20010ec5  PRCMPeripheralClkDisable      
20010eed  Power_registerNotify          
20010f15  TickFct_BT                    
20010f65  I2CFIFODataGetNonBlocking     
20010f8b  I2C_cancel                    
20010fb1  List_put                      
20010fd7  List_remove                   
20010ffd  HwiP_dispatch                 
20011021  PowerCC32XX_reset             
20011045  _c_int00_noargs               
20011069  I2CMasterSlaveAddrSet         
2001108b  HwiP_destruct                 
200110ad  Power_unregisterNotify        
200110cd  RingBuf_peek                  
2001110d  I2CMasterIntStatusEx          
2001112b  SemaphoreP_constructBinary    
20011149  PinToPadGet                   
20011165  SwiP_disable                  
2001119d  memccpy                       
200111b9  ClockP_create                 
200111d5  resetISR                      
200111e8  resetVectorAddr               
200111ef  I2CMasterBusBusy              
20011207  I2CMasterIntDisableEx         
2001121f  I2CMasterIntEnableEx          
20011237  I2CRxFIFOFlush                
2001124f  I2CTxFIFOFlush                
20011269  Power_getTransitionLatency    
20011281  Power_idleFunc                
20011299  UARTBusy                      
200112b1  UARTIntEnable                 
200112c9  UART_Params_init              
200112f9  __aeabi_lmul                  
20011311  I2CMasterBurstLengthSet       
20011327  PRCMHIBRegRead                
2001133d  PRCMHIBRegWrite               
20011353  SemaphoreP_create             
20011369  strchr                        
2001137f  CPUcpsid                      
20011395  HwiP_inISR                    
200113a9  I2CSupport_masterFinish       
200113bd  I2C_transfer                  
200113d1  IntVTableBaseSet              
200113e5  Power_disablePolicy           
200113f9  Power_getDependencyCount      
20011421  strlen                        
20011435  HwiP_Params_init              
20011447  I2CMasterIntClearEx           
20011459  RingBuf_construct             
2001146b  wcslen                        
2001147d  ClockP_add                    
2001148d  ClockP_delete                 
2001149d  ClockP_getCpuFreq             
200114ad  ClockP_getSystemTicks         
200114bd  ClockP_setTicks               
200114cd  HwiP_delete                   
200114dd  HwiP_restore                  
200114ed  I2CFIFOStatus                 
200114fd  I2C_Params_init               
2001150d  Power_enablePolicy            
2001151d  SemaphoreP_Params_init        
2001153d  HwiP_clearInterrupt           
2001154b  HwiP_disable                  
20011559  HwiP_disableInterrupt         
20011567  HwiP_enableInterrupt          
20011583  RingBuf_isFull                
20011591  __TI_decompress_none          
200115ad  Power_getConstraintMask       
200115b9  copysign                      
200115b9  copysignl                     
200115c5  __TI_zero_init                
200115dd  ClockP_Params_init            
200115e7  ClockP_isActive               
200115f1  IntMasterDisable              
200115fb  UART_write                    
2001160d  __aeabi_errno_addr            
20011615  malloc                        
2001162d  I2CSupport_powerRelConstraint 
20011633  I2CSupport_powerSetConstraint 
20011639  UtilsDelay                    
2001163f  ClockP_setTimeout             
20011643  HwiP_post                     
20011647  SemaphoreP_delete             
2001164b  _system_pre_init              
2001164f  C$$EXIT                       
2001164f  abort                         
20011960  PowerCC32XX_module            
20011acc  parkInfo                      
20011bc4  gpioPinConfigs                
20011c48  txBuffer                      
20011c49  BT_state                      
20011c4a  TL_state                      
20011c4b  rxBuffer                      
20011c4d  heat                          
20011c50  uart                          
20011c54  i2c                           
20011c58  temperature                   
20011c5c  setpoint                      
20011c60  seconds                       
20011c64  i2cTransaction                
20011c84  output                        
20011cc4  _lock                         
20011cc8  _unlock                       
20011cd4  SemaphoreP_defaultParams      
20011cdc  HwiP_key                      
20011ce0  HwiP_swiPIntNum               
20011ce4  ClockP_tickPeriod             
20011cec  errno                         
20011cf1  TimerFlag                     
20011cf4  _ctypes_                      
20011fa0  PowerCC32XX_config            
20011fe4  UARTCC32XX_fxnTable           
20012034  UART_defaultParams            
200120ec  i2cCC32XXHWAttrs              
20012114  GPIO_config                   
20012124  I2C_defaultParams             
20012160  UART_config                   
2001216c  GPIO_pinLowerBound            
2001216d  GPIO_pinUpperBound            
2001216e  CONFIG_GPIO_BUTTON_0_CONST    
2001216f  CONFIG_GPIO_BUTTON_1_CONST    
20012170  CONFIG_GPIO_LED_0_CONST       
20012171  CONFIG_I2C_0_CONST            
20012172  I2C_count                     
20012173  CONFIG_TIMER_0_CONST          
20012174  Timer_count                   
20012175  CONFIG_UART_0_CONST           
20012176  UART_count                    
20012178  I2C_config                    
20012188  PowerCC32XX_contextSave       
200122b4  i2cCC32XXObjects              
200123b0  gpioCallbackFunctions         
20012434  gpioUserArgs                  
200124b8  uartCC32XXObjects0            
20012560  ClockP_ctrl                   
20012580  __TI_static_base__            
20012648  __TI_Handler_Table_Base       
20012654  __TI_Handler_Table_Limit      
20012660  __TI_CINIT_Base               
20012670  __TI_CINIT_Limit              
ffffffff  __TI_pprof_out_hndl           
ffffffff  __TI_prof_data_size           
ffffffff  __TI_prof_data_start          
ffffffff  __binit__                     
ffffffff  __c_args__                    
ffffffff  binit                         
UNDEFED   ITM_flush                     
UNDEFED   ITM_restore                   
UNDEFED   TimerOn                       
UNDEFED   TimerSet                      
UNDEFED   __mpu_init                    
UNDEFED   _system_post_cinit            

[266 symbols]
